Component: Arm Compiler for Embedded 6.22 Tool: armlink [5ee90200]

==============================================================================

Section Cross References

    startup_stm32f407xx.o(RESET) refers to startup_stm32f407xx.o(STACK) for __initial_sp
    startup_stm32f407xx.o(RESET) refers to startup_stm32f407xx.o(.text) for Reset_Handler
    startup_stm32f407xx.o(RESET) refers to stm32f4xx_it.o(.text.NMI_Handler) for NMI_Handler
    startup_stm32f407xx.o(RESET) refers to stm32f4xx_it.o(.text.HardFault_Handler) for HardFault_Handler
    startup_stm32f407xx.o(RESET) refers to stm32f4xx_it.o(.text.MemManage_Handler) for MemManage_Handler
    startup_stm32f407xx.o(RESET) refers to stm32f4xx_it.o(.text.BusFault_Handler) for BusFault_Handler
    startup_stm32f407xx.o(RESET) refers to stm32f4xx_it.o(.text.UsageFault_Handler) for UsageFault_Handler
    startup_stm32f407xx.o(RESET) refers to port.o(.text.SVC_Handler) for SVC_Handler
    startup_stm32f407xx.o(RESET) refers to stm32f4xx_it.o(.text.DebugMon_Handler) for DebugMon_Handler
    startup_stm32f407xx.o(RESET) refers to port.o(.text.PendSV_Handler) for PendSV_Handler
    startup_stm32f407xx.o(RESET) refers to port.o(.text.SysTick_Handler) for SysTick_Handler
    startup_stm32f407xx.o(RESET) refers to stm32f4xx_it.o(.text.DMA1_Stream6_IRQHandler) for DMA1_Stream6_IRQHandler
    startup_stm32f407xx.o(RESET) refers to stm32f4xx_it.o(.text.USART1_IRQHandler) for USART1_IRQHandler
    startup_stm32f407xx.o(RESET) refers to stm32f4xx_it.o(.text.USART2_IRQHandler) for USART2_IRQHandler
    startup_stm32f407xx.o(RESET) refers to stm32f4xx_it.o(.text.USART3_IRQHandler) for USART3_IRQHandler
    startup_stm32f407xx.o(RESET) refers to stm32f4xx_it.o(.text.UART4_IRQHandler) for UART4_IRQHandler
    startup_stm32f407xx.o(RESET) refers to stm32f4xx_it.o(.text.TIM7_IRQHandler) for TIM7_IRQHandler
    startup_stm32f407xx.o(RESET) refers to stm32f4xx_it.o(.text.OTG_FS_IRQHandler) for OTG_FS_IRQHandler
    startup_stm32f407xx.o(.text) refers to system_stm32f4xx.o(.text.SystemInit) for SystemInit
    startup_stm32f407xx.o(.text) refers to entry.o(.ARM.Collect$$$$00000000) for __main
    main.o(.text.main) refers to stm32f4xx_hal.o(.text.HAL_Init) for HAL_Init
    main.o(.text.main) refers to main.o(.text.SystemClock_Config) for SystemClock_Config
    main.o(.text.main) refers to gpio.o(.text.MX_GPIO_Init) for MX_GPIO_Init
    main.o(.text.main) refers to dma.o(.text.MX_DMA_Init) for MX_DMA_Init
    main.o(.text.main) refers to tim.o(.text.MX_TIM1_Init) for MX_TIM1_Init
    main.o(.text.main) refers to tim.o(.text.MX_TIM3_Init) for MX_TIM3_Init
    main.o(.text.main) refers to tim.o(.text.MX_TIM4_Init) for MX_TIM4_Init
    main.o(.text.main) refers to tim.o(.text.MX_TIM5_Init) for MX_TIM5_Init
    main.o(.text.main) refers to usart.o(.text.MX_USART1_UART_Init) for MX_USART1_UART_Init
    main.o(.text.main) refers to tim.o(.text.MX_TIM8_Init) for MX_TIM8_Init
    main.o(.text.main) refers to spi.o(.text.MX_SPI1_Init) for MX_SPI1_Init
    main.o(.text.main) refers to spi.o(.text.MX_SPI2_Init) for MX_SPI2_Init
    main.o(.text.main) refers to tim.o(.text.MX_TIM2_Init) for MX_TIM2_Init
    main.o(.text.main) refers to tim.o(.text.MX_TIM9_Init) for MX_TIM9_Init
    main.o(.text.main) refers to usart.o(.text.MX_UART4_Init) for MX_UART4_Init
    main.o(.text.main) refers to usart.o(.text.MX_UART5_Init) for MX_UART5_Init
    main.o(.text.main) refers to usart.o(.text.MX_USART2_UART_Init) for MX_USART2_UART_Init
    main.o(.text.main) refers to usart.o(.text.MX_USART3_UART_Init) for MX_USART3_UART_Init
    main.o(.text.main) refers to printfa.o(i.__0printf) for __2printf
    main.o(.text.main) refers to freertos.o(.text.MX_FREERTOS_Init) for MX_FREERTOS_Init
    main.o(.text.main) refers to cmsis_os.o(.text.osKernelStart) for osKernelStart
    main.o(.ARM.exidx.text.main) refers to main.o(.text.main) for [Anonymous Symbol]
    main.o(.text.SystemClock_Config) refers to memseta.o(.text) for __aeabi_memclr4
    main.o(.text.SystemClock_Config) refers to stm32f4xx_hal_rcc.o(.text.HAL_RCC_OscConfig) for HAL_RCC_OscConfig
    main.o(.text.SystemClock_Config) refers to stm32f4xx_hal_rcc.o(.text.HAL_RCC_ClockConfig) for HAL_RCC_ClockConfig
    main.o(.ARM.exidx.text.SystemClock_Config) refers to main.o(.text.SystemClock_Config) for [Anonymous Symbol]
    main.o(.ARM.exidx.text.Error_Handler) refers to main.o(.text.Error_Handler) for [Anonymous Symbol]
    main.o(.text.HAL_UART_RxCpltCallback) refers to hmi.o(.bss.hmi) for hmi
    main.o(.text.HAL_UART_RxCpltCallback) refers to stm32f4xx_hal_uart.o(.text.HAL_UART_Receive_IT) for HAL_UART_Receive_IT
    main.o(.text.HAL_UART_RxCpltCallback) refers to xbox.o(.bss.XBOX) for XBOX
    main.o(.ARM.exidx.text.HAL_UART_RxCpltCallback) refers to main.o(.text.HAL_UART_RxCpltCallback) for [Anonymous Symbol]
    main.o(.text.HAL_TIM_PeriodElapsedCallback) refers to stm32f4xx_hal.o(.text.HAL_IncTick) for HAL_IncTick
[...]
    USBD_LL_SetupStage                       0x08006ebd   Thumb Code    98  usbd_core.o(.text.USBD_LL_SetupStage)
    USBD_LL_StallEP                          0x08006f21   Thumb Code    34  usbd_conf.o(.text.USBD_LL_StallEP)
    USBD_LL_Start                            0x08006f45   Thumb Code    34  usbd_conf.o(.text.USBD_LL_Start)
    USBD_LL_Suspend                          0x08006f69   Thumb Code    20  usbd_core.o(.text.USBD_LL_Suspend)
    USBD_LL_Transmit                         0x08006f7d   Thumb Code    34  usbd_conf.o(.text.USBD_LL_Transmit)
    USBD_ParseSetupRequest                   0x08006fa1   Thumb Code    22  usbd_ctlreq.o(.text.USBD_ParseSetupRequest)
    USBD_RegisterClass                       0x08006fb9   Thumb Code    66  usbd_core.o(.text.USBD_RegisterClass)
    USBD_SetClassConfig                      0x08006ffd   Thumb Code    16  usbd_core.o(.text.USBD_SetClassConfig)
    USBD_Start                               0x0800700d   Thumb Code     4  usbd_core.o(.text.USBD_Start)
    USBD_StdDevReq                           0x08007011   Thumb Code   900  usbd_ctlreq.o(.text.USBD_StdDevReq)
    USBD_StdEPReq                            0x08007395   Thumb Code   358  usbd_ctlreq.o(.text.USBD_StdEPReq)
    USBD_StdItfReq                           0x080074fd   Thumb Code   120  usbd_ctlreq.o(.text.USBD_StdItfReq)
    USBD_static_free                         0x08007575   Thumb Code     2  usbd_conf.o(.text.USBD_static_free)
    USBD_static_malloc                       0x08007579   Thumb Code    10  usbd_conf.o(.text.USBD_static_malloc)
    USB_ActivateEndpoint                     0x08007585   Thumb Code   130  stm32f4xx_ll_usb.o(.text.USB_ActivateEndpoint)
    USB_ActivateSetup                        0x08007609   Thumb Code    32  stm32f4xx_ll_usb.o(.text.USB_ActivateSetup)
    USB_CoreInit                             0x08007629   Thumb Code   478  stm32f4xx_ll_usb.o(.text.USB_CoreInit)
    USB_DeactivateEndpoint                   0x08007809   Thumb Code   130  stm32f4xx_ll_usb.o(.text.USB_DeactivateEndpoint)
    USB_DevConnect                           0x0800788d   Thumb Code    30  stm32f4xx_ll_usb.o(.text.USB_DevConnect)
    USB_DevDisconnect                        0x080078ad   Thumb Code    30  stm32f4xx_ll_usb.o(.text.USB_DevDisconnect)
    USB_DevInit                              0x080078cd   Thumb Code  1158  stm32f4xx_ll_usb.o(.text.USB_DevInit)
    USB_DisableGlobalInt                     0x08007d55   Thumb Code    14  stm32f4xx_ll_usb.o(.text.USB_DisableGlobalInt)
    USB_EP0StartXfer                         0x08007d65   Thumb Code   248  stm32f4xx_ll_usb.o(.text.USB_EP0StartXfer)
    USB_EP0_OutStart                         0x08007e5d   Thumb Code    90  stm32f4xx_ll_usb.o(.text.USB_EP0_OutStart)
    USB_EPClearStall                         0x08007eb9   Thumb Code    82  stm32f4xx_ll_usb.o(.text.USB_EPClearStall)
    USB_EPSetStall                           0x08007f0d   Thumb Code    62  stm32f4xx_ll_usb.o(.text.USB_EPSetStall)
    USB_EPStartXfer                          0x08007f4d   Thumb Code   508  stm32f4xx_ll_usb.o(.text.USB_EPStartXfer)
    USB_EPStopXfer                           0x08008149   Thumb Code   270  stm32f4xx_ll_usb.o(.text.USB_EPStopXfer)
    USB_EnableGlobalInt                      0x08008259   Thumb Code    14  stm32f4xx_ll_usb.o(.text.USB_EnableGlobalInt)
    USB_FlushTxFifo                          0x08008269   Thumb Code   182  stm32f4xx_ll_usb.o(.text.USB_FlushTxFifo)
    USB_GetDevSpeed                          0x08008321   Thumb Code    26  stm32f4xx_ll_usb.o(.text.USB_GetDevSpeed)
    USB_GetMode                              0x0800833d   Thumb Code     8  stm32f4xx_ll_usb.o(.text.USB_GetMode)
    USB_ReadDevAllInEpInterrupt              0x08008345   Thumb Code    14  stm32f4xx_ll_usb.o(.text.USB_ReadDevAllInEpInterrupt)
    USB_ReadDevAllOutEpInterrupt             0x08008355   Thumb Code    14  stm32f4xx_ll_usb.o(.text.USB_ReadDevAllOutEpInterrupt)
    USB_ReadDevInEPInterrupt                 0x08008365   Thumb Code    36  stm32f4xx_ll_usb.o(.text.USB_ReadDevInEPInterrupt)
    USB_ReadDevOutEPInterrupt                0x08008389   Thumb Code    16  stm32f4xx_ll_usb.o(.text.USB_ReadDevOutEPInterrupt)
    USB_ReadInterrupts                       0x08008399   Thumb Code     8  stm32f4xx_ll_usb.o(.text.USB_ReadInterrupts)
    USB_ReadPacket                           0x080083a1   Thumb Code   170  stm32f4xx_ll_usb.o(.text.USB_ReadPacket)
    USB_SetCurrentMode                       0x0800844d   Thumb Code   100  stm32f4xx_ll_usb.o(.text.USB_SetCurrentMode)
    USB_SetDevAddress                        0x080084b1   Thumb Code    34  stm32f4xx_ll_usb.o(.text.USB_SetDevAddress)
    USB_SetTurnaroundTime                    0x080084d5   Thumb Code   280  stm32f4xx_ll_usb.o(.text.USB_SetTurnaroundTime)
    USB_WritePacket                          0x080085ed   Thumb Code   106  stm32f4xx_ll_usb.o(.text.USB_WritePacket)
    USB_analysis                             0x08008659   Thumb Code    88  usb_cdc.o(.text.USB_analysis)
    UsageFault_Handler                       0x080086b1   Thumb Code     2  stm32f4xx_it.o(.text.UsageFault_Handler)
    XBOX_data_analysis                       0x080086b5   Thumb Code   430  xbox.o(.text.XBOX_data_analysis)
    XBOX_get_p                               0x08008865   Thumb Code    50  xbox.o(.text.XBOX_get_p)
    XBOX_param_init                          0x08008899   Thumb Code     6  xbox.o(.text.XBOX_param_init)
    XBOX_struct_init                         0x080088a1   Thumb Code   126  xbox.o(.text.XBOX_struct_init)
    all_motor_check                          0x08008921   Thumb Code   322  motor.o(.text.all_motor_check)
    check_buttom                             0x08008a65   Thumb Code   368  xbox.o(.text.check_buttom)
    check_telecontrol                        0x08008bd5   Thumb Code   194  xbox.o(.text.check_telecontrol)
    clear_pwm                                0x08008c99   Thumb Code    76  motor.o(.text.clear_pwm)
    encoder_check                            0x08008ce5   Thumb Code    24  encoder.o(.text.encoder_check)
    encoder_get                              0x08008d15   Thumb Code    52  encoder.o(.text.encoder_get)
    encoder_param_init                       0x08008d49   Thumb Code    36  encoder.o(.text.encoder_param_init)
    encoder_struct_init                      0x08008d6d   Thumb Code    66  encoder.o(.text.encoder_struct_init)
    encoder_to_hmi                           0x08008db1   Thumb Code   184  encoder.o(.text.encoder_to_hmi)
    fputc                                    0x08008ea9   Thumb Code    32  hmi.o(.text.fputc)
    hmi_data_analysis                        0x08008ec9   Thumb Code  1312  hmi.o(.text.hmi_data_analysis)
    hmi_get_p                                0x080093fd   Thumb Code    38  hmi.o(.text.hmi_get_p)
    hmi_param_init                           0x08009425   Thumb Code     6  hmi.o(.text.hmi_param_init)
    hmi_wait_command                         0x0800942d   Thumb Code    14  hmi.o(.text.hmi_wait_command)
    imu660_gyroOffset                        0x0800943d   Thumb Code   272  imu660ra.o(.text.imu660_gyroOffset)
    imu660ra_check                           0x08009589   Thumb Code    22  imu660ra.o(.text.imu660ra_check)
    imu660ra_get                             0x080095a1   Thumb Code    68  imu660ra.o(.text.imu660ra_get)
    imu660ra_get_acc                         0x080095e5   Thumb Code    40  imu660ra.o(.text.imu660ra_get_acc)
    imu660ra_get_gyro                        0x0800960d   Thumb Code    46  imu660ra.o(.text.imu660ra_get_gyro)
    imu660ra_init                            0x0800963d   Thumb Code   280  imu660ra.o(.text.imu660ra_init)
    imu660ra_print                           0x08009771   Thumb Code    72  imu660ra.o(.text.imu660ra_print)
    imu660ra_read_register                   0x080097cd   Thumb Code    76  imu660ra.o(.text.imu660ra_read_register)
    imu660ra_read_registers                  0x08009819   Thumb Code    80  imu660ra.o(.text.imu660ra_read_registers)
    imu660ra_self_check                      0x08009869   Thumb Code    40  imu660ra.o(.text.imu660ra_self_check)
    imu660ra_to_hmi                          0x08009891   Thumb Code   168  imu660ra.o(.text.imu660ra_to_hmi)
    imu660ra_transition                      0x08009969   Thumb Code   106  imu660ra.o(.text.imu660ra_transition)
    imu660ra_write_register                  0x080099d5   Thumb Code    76  imu660ra.o(.text.imu660ra_write_register)
    imu660ra_write_registers                 0x08009a21   Thumb Code    72  imu660ra.o(.text.imu660ra_write_registers)
    imu_param_init                           0x08009a69   Thumb Code    46  imu660ra.o(.text.imu_param_init)
    imu_struct_init                          0x08009a99   Thumb Code   220  imu660ra.o(.text.imu_struct_init)
    kalman2_filter                           0x08009b75   Thumb Code   298  kalman_filter.o(.text.kalman2_filter)
    kalman2_param_init                       0x08009ca1   Thumb Code    58  kalman_filter.o(.text.kalman2_param_init)
    kalman2_struct_init                      0x08009cdd   Thumb Code    78  kalman_filter.o(.text.kalman2_struct_init)
    led_param_init                           0x08009d2d   Thumb Code     6  led.o(.text.led_param_init)
    main                                     0x08009d35   Thumb Code    92  main.o(.text.main)
    motor_check                              0x08009d95   Thumb Code    50  motor.o(.text.motor_check)
    motor_param_init                         0x08009dc9   Thumb Code    16  motor.o(.text.motor_param_init)
    motor_set_pwm                            0x08009dd9   Thumb Code     4  motor.o(.text.motor_set_pwm)
    motor_update_pwm                         0x08009ddd   Thumb Code    86  motor.o(.text.motor_update_pwm)
    osDelay                                  0x08009e35   Thumb Code    16  cmsis_os.o(.text.osDelay)
    osKernelStart                            0x08009e45   Thumb Code    10  cmsis_os.o(.text.osKernelStart)
    osThreadCreate                           0x08009e51   Thumb Code    92  cmsis_os.o(.text.osThreadCreate)
    osThreadResumeAll                        0x08009ead   Thumb Code    14  cmsis_os.o(.text.osThreadResumeAll)
    osThreadSuspend                          0x08009ebd   Thumb Code    10  cmsis_os.o(.text.osThreadSuspend)
    osThreadSuspendAll                       0x08009ec9   Thumb Code    10  cmsis_os.o(.text.osThreadSuspendAll)
    osTimerCreate                            0x08009ed5   Thumb Code    60  cmsis_os.o(.text.osTimerCreate)
    osTimerStart                             0x08009f11   Thumb Code   106  cmsis_os.o(.text.osTimerStart)
    pid_calc                                 0x08009f7d   Thumb Code   560  motor_pid.o(.text.pid_calc)
    printf_xbox                              0x0800a1d1   Thumb Code    28  xbox.o(.text.printf_xbox)
    pvPortMalloc                             0x0800aa01   Thumb Code   496  heap_4.o(.text.pvPortMalloc)
    pxPortInitialiseStack                    0x0800abf1   Thumb Code    36  port.o(.text.pxPortInitialiseStack)
    set_speed                                0x0800ac15   Thumb Code    34  encoder.o(.text.set_speed)
    usb_xbox_todata                          0x0800ac39   Thumb Code   232  usb_cdc.o(.text.usb_xbox_todata)
    usb_xbox_todata_run                      0x0800ad25   Thumb Code   154  usb_cdc.o(.text.usb_xbox_todata_run)
    uxListRemove                             0x0800adc1   Thumb Code    34  list.o(.text.uxListRemove)
    vApplicationGetIdleTaskMemory            0x0800ade5   Thumb Code    26  freertos.o(.text.vApplicationGetIdleTaskMemory)
    vApplicationGetTimerTaskMemory           0x0800ae01   Thumb Code    28  freertos.o(.text.vApplicationGetTimerTaskMemory)
    vListInitialise                          0x0800ae1d   Thumb Code    22  list.o(.text.vListInitialise)
    vListInitialiseItem                      0x0800ae35   Thumb Code     6  list.o(.text.vListInitialiseItem)
    vListInsert                              0x0800ae3d   Thumb Code    98  list.o(.text.vListInsert)
    vListInsertEnd                           0x0800aea1   Thumb Code    26  list.o(.text.vListInsertEnd)
    vPortEnterCritical                       0x0800aed1   Thumb Code    70  port.o(.text.vPortEnterCritical)
    vPortExitCritical                        0x0800af19   Thumb Code    46  port.o(.text.vPortExitCritical)
    vPortFree                                0x0800af49   Thumb Code   212  heap_4.o(.text.vPortFree)
    vPortSetupTimerInterrupt                 0x0800b01d   Thumb Code    52  port.o(.text.vPortSetupTimerInterrupt)
    vPortValidateInterruptPriority           0x0800b051   Thumb Code    94  port.o(.text.vPortValidateInterruptPriority)
    vQueueAddToRegistry                      0x0800b0b1   Thumb Code    88  queue.o(.text.vQueueAddToRegistry)
    vQueueWaitForMessageRestricted           0x0800b109   Thumb Code    82  queue.o(.text.vQueueWaitForMessageRestricted)
    vTaskDelay                               0x0800b15d   Thumb Code   158  tasks.o(.text.vTaskDelay)
    vTaskInternalSetTimeOutState             0x0800b1fd   Thumb Code    18  tasks.o(.text.vTaskInternalSetTimeOutState)
    vTaskMissedYield                         0x0800b211   Thumb Code    14  tasks.o(.text.vTaskMissedYield)
    vTaskPlaceOnEventList                    0x0800b221   Thumb Code    54  tasks.o(.text.vTaskPlaceOnEventList)
    vTaskPlaceOnEventListRestricted          0x0800b259   Thumb Code   142  tasks.o(.text.vTaskPlaceOnEventListRestricted)
    vTaskStartScheduler                      0x0800b2e9   Thumb Code   232  tasks.o(.text.vTaskStartScheduler)
    vTaskSuspend                             0x0800b3d9   Thumb Code   314  tasks.o(.text.vTaskSuspend)
    vTaskSuspendAll                          0x0800b515   Thumb Code    16  tasks.o(.text.vTaskSuspendAll)
    vTaskSwitchContext                       0x0800b525   Thumb Code   110  tasks.o(.text.vTaskSwitchContext)
    xEventGroupCreate                        0x0800b595   Thumb Code    34  event_groups.o(.text.xEventGroupCreate)
    xPortStartScheduler                      0x0800b5b9   Thumb Code   392  port.o(.text.xPortStartScheduler)
    xQueueGenericCreateStatic                0x0800b741   Thumb Code   214  queue.o(.text.xQueueGenericCreateStatic)
    xQueueGenericSend                        0x0800b819   Thumb Code   704  queue.o(.text.xQueueGenericSend)
    xQueueGenericSendFromISR                 0x0800bad9   Thumb Code   328  queue.o(.text.xQueueGenericSendFromISR)
    xQueueReceive                            0x0800bc21   Thumb Code   574  queue.o(.text.xQueueReceive)
    xTaskCheckForTimeOut                     0x0800be61   Thumb Code   154  tasks.o(.text.xTaskCheckForTimeOut)
    xTaskCreate                              0x0800befd   Thumb Code    96  tasks.o(.text.xTaskCreate)
    xTaskCreateStatic                        0x0800bf5d   Thumb Code   118  tasks.o(.text.xTaskCreateStatic)
    xTaskGetSchedulerState                   0x0800bfd5   Thumb Code    30  tasks.o(.text.xTaskGetSchedulerState)
    xTaskGetTickCount                        0x0800bff5   Thumb Code    12  tasks.o(.text.xTaskGetTickCount)
    xTaskIncrementTick                       0x0800c001   Thumb Code   262  tasks.o(.text.xTaskIncrementTick)
    xTaskPriorityDisinherit                  0x0800c109   Thumb Code   174  tasks.o(.text.xTaskPriorityDisinherit)
    xTaskRemoveFromEventList                 0x0800c1b9   Thumb Code   116  tasks.o(.text.xTaskRemoveFromEventList)
    xTaskResumeAll                           0x0800c22d   Thumb Code   234  tasks.o(.text.xTaskResumeAll)
    xTaskResumeFromISR                       0x0800c319   Thumb Code   180  tasks.o(.text.xTaskResumeFromISR)
    xTimerCreate                             0x0800c3cd   Thumb Code    58  timers.o(.text.xTimerCreate)
    xTimerCreateStatic                       0x0800c409   Thumb Code    82  timers.o(.text.xTimerCreateStatic)
    xTimerCreateTimerTask                    0x0800c45d   Thumb Code   172  timers.o(.text.xTimerCreateTimerTask)
    xTimerGenericCommand                     0x0800c511   Thumb Code   118  timers.o(.text.xTimerGenericCommand)
    xbox_to_hmi                              0x0800c589   Thumb Code   228  usb_cdc.o(.text.xbox_to_hmi)
    xbox_todata                              0x0800c6d1   Thumb Code   168  xbox.o(.text.xbox_todata)
    __0printf                                0x0800c781   Thumb Code    22  printfa.o(i.__0printf)
    __1printf                                0x0800c781   Thumb Code     0  printfa.o(i.__0printf)
    __2printf                                0x0800c781   Thumb Code     0  printfa.o(i.__0printf)
    __c89printf                              0x0800c781   Thumb Code     0  printfa.o(i.__0printf)
    printf                                   0x0800c781   Thumb Code     0  printfa.o(i.__0printf)
    __0sprintf                               0x0800c7a1   Thumb Code    34  printfa.o(i.__0sprintf)
    __1sprintf                               0x0800c7a1   Thumb Code     0  printfa.o(i.__0sprintf)
    __2sprintf                               0x0800c7a1   Thumb Code     0  printfa.o(i.__0sprintf)
    __c89sprintf                             0x0800c7a1   Thumb Code     0  printfa.o(i.__0sprintf)
    sprintf                                  0x0800c7a1   Thumb Code     0  printfa.o(i.__0sprintf)
    __scatterload_copy                       0x0800c7c9   Thumb Code    14  handlers.o(i.__scatterload_copy)
    __scatterload_null                       0x0800c7d7   Thumb Code     2  handlers.o(i.__scatterload_null)
    __scatterload_zeroinit                   0x0800c7d9   Thumb Code    14  handlers.o(i.__scatterload_zeroinit)
    puts                                     0x0800d0a5   Thumb Code    30  puts.o(i.puts)
    AHBPrescTable                            0x0800d0d0   Data          16  system_stm32f4xx.o(.rodata.AHBPrescTable)
    APBPrescTable                            0x0800d0e0   Data           8  system_stm32f4xx.o(.rodata.APBPrescTable)
    Region$$Table$$Base                      0x0800d134   Number         0  anon$$obj.o(Region$$Table)
    Region$$Table$$Limit                     0x0800d154   Number         0  anon$$obj.o(Region$$Table)
    __stdout                                 0x20000000   Data           4  stdout.o(.data)
    uwTickFreq                               0x20000004   Data           1  stm32f4xx_hal.o(.data..L_MergedGlobals)
    uwTickPrio                               0x20000008   Data           4  stm32f4xx_hal.o(.data..L_MergedGlobals)
    FS_Desc                                  0x2000000c   Data          28  usbd_desc.o(.data.FS_Desc)
    SystemCoreClock                          0x20000028   Data           4  system_stm32f4xx.o(.data.SystemCoreClock)
    USBD_CDC                                 0x2000002c   Data          56  usbd_cdc.o(.data.USBD_CDC)
    USBD_FS_DeviceDesc                       0x200000b4   Data          18  usbd_desc.o(.data.USBD_FS_DeviceDesc)
    USBD_Interface_fops_FS                   0x200000c8   Data          20  usbd_cdc_if.o(.data.USBD_Interface_fops_FS)
    USBD_LangIDDesc                          0x200000dc   Data           4  usbd_desc.o(.data.USBD_LangIDDesc)
    USBD_StringSerial                        0x200000e0   Data          26  usbd_desc.o(.data.USBD_StringSerial)
    XBOX_command_                            0x200000fa   Data          11  xbox.o(.data.XBOX_command_)
    buttom_str                               0x20000105   Data         300  xbox.o(.data.buttom_str)
    encoder_str                              0x20000231   Data          80  encoder.o(.data.encoder_str)
    hmi_command_                             0x20000281   Data          27  hmi.o(.data.hmi_command_)
    imu660ra_config_file                     0x2000029c   Data        8192  imu660ra.o(.data.imu660ra_config_file)
    inertial_car                             0x2000229c   Data       50024  inertial.o(.data.inertial_car)
    telecontrol_str                          0x2000e604   Data         120  xbox.o(.data.telecontrol_str)
    myTimer01Handle                          0x2000e680   Data           4  freertos.o(.bss..L_MergedGlobals)
    defaultTaskHandle                        0x2000e684   Data           4  freertos.o(.bss..L_MergedGlobals)
    Task_MotorHandle                         0x2000e688   Data           4  freertos.o(.bss..L_MergedGlobals)
    Task_checkHandle                         0x2000e68c   Data           4  freertos.o(.bss..L_MergedGlobals)
    Task_InertialNaHandle                    0x2000e690   Data           4  freertos.o(.bss..L_MergedGlobals)
    myEventGroupHandle_check                 0x2000e694   Data           4  freertos.o(.bss..L_MergedGlobals)
    pxCurrentTCB                             0x2000e698   Data           4  tasks.o(.bss..L_MergedGlobals)
    encoder_1                                0x2000e774   Data          44  encoder.o(.bss..L_MergedGlobals)
    encoder_2                                0x2000e7a0   Data          44  encoder.o(.bss..L_MergedGlobals)
    motor1                                   0x2000e7cc   Data          44  motor.o(.bss..L_MergedGlobals)
    motor2                                   0x2000e7f8   Data          44  motor.o(.bss..L_MergedGlobals)
    motor3                                   0x2000e824   Data          44  motor.o(.bss..L_MergedGlobals.1)
    motor4                                   0x2000e850   Data          44  motor.o(.bss..L_MergedGlobals.1)
    encoder_3                                0x2000e8a4   Data          44  encoder.o(.bss..L_MergedGlobals.5)
    encoder_4                                0x2000e8d0   Data          44  encoder.o(.bss..L_MergedGlobals.5)
    USBD_StrDesc                             0x2000e908   Data         512  usbd_desc.o(.bss.USBD_StrDesc)
    UserRxBufferFS                           0x2000ed28   Data        2048  usbd_cdc_if.o(.bss.UserRxBufferFS)
    UserTxBufferFS                           0x2000f528   Data        2048  usbd_cdc_if.o(.bss.UserTxBufferFS)
    XBOX                                     0x2000fd28   Data         108  xbox.o(.bss.XBOX)
    check_obj                                0x2000fd94   Data           1  hmi.o(.bss.check_obj)
    hUsbDeviceFS                             0x2000fd98   Data         732  usb_device.o(.bss.hUsbDeviceFS)
    hdma_tim2_ch2_ch4                        0x20010074   Data          96  tim.o(.bss.hdma_tim2_ch2_ch4)
    hmi                                      0x200100d4   Data          76  hmi.o(.bss.hmi)
    hpcd_USB_OTG_FS                          0x20010120   Data        1292  usbd_conf.o(.bss.hpcd_USB_OTG_FS)
    hspi1                                    0x2001062c   Data          88  spi.o(.bss.hspi1)
    hspi2                                    0x20010684   Data          88  spi.o(.bss.hspi2)
    htim1                                    0x200106dc   Data          72  tim.o(.bss.htim1)
    htim2                                    0x20010724   Data          72  tim.o(.bss.htim2)
    htim3                                    0x2001076c   Data          72  tim.o(.bss.htim3)
    htim4                                    0x200107b4   Data          72  tim.o(.bss.htim4)
    htim5                                    0x200107fc   Data          72  tim.o(.bss.htim5)
    htim7                                    0x20010844   Data          72  stm32f4xx_hal_timebase_tim.o(.bss.htim7)
    htim8                                    0x2001088c   Data          72  tim.o(.bss.htim8)
    htim9                                    0x200108d4   Data          72  tim.o(.bss.htim9)
    huart1                                   0x2001091c   Data          68  usart.o(.bss.huart1)
    huart2                                   0x20010960   Data          68  usart.o(.bss.huart2)
    huart3                                   0x200109a4   Data          68  usart.o(.bss.huart3)
    huart4                                   0x200109e8   Data          68  usart.o(.bss.huart4)
    huart5                                   0x20010a2c   Data          68  usart.o(.bss.huart5)
    imu660ra                                 0x20010a70   Data         256  imu660ra.o(.bss.imu660ra)
    led_g                                    0x20010b70   Data          24  led.o(.bss.led_g)
    pid_all                                  0x20010b88   Data         784  motor_pid.o(.bss.pid_all)
    usb                                      0x20014be4   Data          72  usb_cdc.o(.bss.usb)
    uwTick                                   0x20014c30   Data           4  stm32f4xx_hal.o(.bss.uwTick)
    xQueueRegistry                           0x20014e88   Data          64  queue.o(.bss.xQueueRegistry)
    __initial_sp                             0x20015720   Data           0  startup_stm32f407xx.o(STACK)



==============================================================================

Memory Map of the image

  Image Entry point : 0x08000189

  Load Region LR_IROM1 (Base: 0x08000000, Size: 0x0001b7d8, Max: 0x00080000, ABSOLUTE, COMPRESSED[0x0000ef40])

    Execution Region ER_IROM1 (Exec base: 0x08000000, Load base: 0x08000000, Size: 0x0000d154, Max: 0x00080000, ABSOLUTE)

    Exec Addr    Load Addr    Size         Type   Attr      Idx    E Section Name        Object

    0x08000000   0x08000000   0x00000188   Data   RO            3    RESET               startup_stm32f407xx.o
    0x08000188   0x08000188   0x00000000   Code   RO         2449  * .ARM.Collect$$$$00000000  mc_w.l(entry.o)
    0x08000188   0x08000188   0x00000004   Code   RO         2733    .ARM.Collect$$$$00000001  mc_w.l(entry2.o)
    0x0800018c   0x0800018c   0x00000004   Code   RO         2736    .ARM.Collect$$$$00000004  mc_w.l(entry5.o)
    0x08000190   0x08000190   0x00000000   Code   RO         2738    .ARM.Collect$$$$00000008  mc_w.l(entry7b.o)
    0x08000190   0x08000190   0x00000000   Code   RO         2740    .ARM.Collect$$$$0000000A  mc_w.l(entry8b.o)
    0x08000190   0x08000190   0x00000008   Code   RO         2741    .ARM.Collect$$$$0000000B  mc_w.l(entry9a.o)
    0x08000198   0x08000198   0x00000000   Code   RO         2743    .ARM.Collect$$$$0000000D  mc_w.l(entry10a.o)
    0x08000198   0x08000198   0x00000000   Code   RO         2745    .ARM.Collect$$$$0000000F  mc_w.l(entry11a.o)
    0x08000198   0x08000198   0x00000004   Code   RO         2734    .ARM.Collect$$$$00002712  mc_w.l(entry2.o)
    0x0800019c   0x0800019c   0x00000024   Code   RO            4    .text               startup_stm32f407xx.o
    0x080001c0   0x080001c0   0x00000062   Code   RO         2456    .text               mc_w.l(uldiv.o)
    0x08000222   0x08000222   0x00000024   Code   RO         2458    .text               mc_w.l(memcpya.o)
    0x08000246   0x08000246   0x00000024   Code   RO         2460    .text               mc_w.l(memseta.o)
    0x0800026a   0x0800026a   0x0000000e   Code   RO         2462    .text               mc_w.l(strlen.o)
    0x08000278   0x08000278   0x000000e4   Code   RO         2727    .text               mf_w.l(dmul.o)
    0x0800035c   0x0800035c   0x00000026   Code   RO         2729    .text               mf_w.l(f2d.o)
    0x08000382   0x08000382   0x00000038   Code   RO         2731    .text               mf_w.l(d2f.o)
    0x080003ba   0x080003ba   0x0000002c   Code   RO         2757    .text               mc_w.l(uidiv.o)
    0x080003e6   0x080003e6   0x0000001e   Code   RO         2759    .text               mc_w.l(llshl.o)
    0x08000404   0x08000404   0x00000020   Code   RO         2761    .text               mc_w.l(llushr.o)
    0x08000424   0x08000424   0x00000000   Code   RO         2763    .text               mc_w.l(iusefp.o)
    0x08000424   0x08000424   0x0000006e   Code   RO         2764    .text               mf_w.l(fepilogue.o)
    0x08000492   0x08000492   0x000000ba   Code   RO         2766    .text               mf_w.l(depilogue.o)
    0x0800054c   0x0800054c   0x0000014e   Code   RO         2768    .text               mf_w.l(dadd.o)
    0x0800069a   0x0800069a   0x000000de   Code   RO         2770    .text               mf_w.l(ddiv.o)
    0x08000778   0x08000778   0x00000030   Code   RO         2772    .text               mf_w.l(dfixul.o)
    0x080007a8   0x080007a8   0x00000030   Code   RO         2774    .text               mf_w.l(cdrcmple.o)
    0x080007d8   0x080007d8   0x00000030   Code   RO         2776    .text               mc_w.l(init.o)
    0x08000808   0x08000808   0x00000024   Code   RO         2778    .text               mc_w.l(llsshr.o)
    0x0800082c   0x0800082c   0x00000056   Code   RO         2788    .text               mc_w.l(__dczerorl2.o)
    0x08000882   0x08000882   0x00000002   PAD
    0x08000884   0x08000884   0x00000002   Code   RO          172    .text.BusFault_Handler  stm32f4xx_it.o
    0x08000886   0x08000886   0x00000002   PAD
    0x08000888   0x08000888   0x00000004   Code   RO         2219    .text.CDC_Control_FS  usbd_cdc_if.o
    0x0800088c   0x0800088c   0x00000004   Code   RO         2217    .text.CDC_DeInit_FS  usbd_cdc_if.o
    0x08000890   0x08000890   0x0000002c   Code   RO         2215    .text.CDC_Init_FS   usbd_cdc_if.o
    0x080008bc   0x080008bc   0x000000a8   Code   RO         2221    .text.CDC_Receive_FS  usbd_cdc_if.o
    0x08000964   0x08000964   0x00000004   Code   RO         2223    .text.CDC_TransmitCplt_FS  usbd_cdc_if.o
    0x08000968   0x08000968   0x000003b8   Code   RO           45    .text.Callback01    freertos.o
    0x08000d20   0x08000d20   0x0000008c   Code   RO           51    .text.Check_Entry   freertos.o
    0x08000dac   0x08000dac   0x0000000c   Code   RO          178    .text.DMA1_Stream6_IRQHandler  stm32f4xx_it.o
    0x08000db8   0x08000db8   0x00000002   Code   RO          176    .text.DebugMon_Handler  stm32f4xx_it.o
    0x08000dba   0x08000dba   0x00000002   PAD
    0x08000dbc   0x08000dbc   0x0000000a   Code   RO           15    .text.Error_Handler  main.o
    0x08000dc6   0x08000dc6   0x00000002   PAD
    0x08000dc8   0x08000dc8   0x0000008e   Code   RO          577    .text.HAL_DMA_Abort  stm32f4xx_hal_dma.o
    0x08000e56   0x08000e56   0x00000002   PAD
    0x08000e58   0x08000e58   0x00000024   Code   RO          579    .text.HAL_DMA_Abort_IT  stm32f4xx_hal_dma.o
    0x08000e7c   0x08000e7c   0x000001c4   Code   RO          583    .text.HAL_DMA_IRQHandler  stm32f4xx_hal_dma.o
    0x08001040   0x08001040   0x00000162   Code   RO          569    .text.HAL_DMA_Init  stm32f4xx_hal_dma.o
    0x080011a2   0x080011a2   0x00000002   PAD
    0x080011a4   0x080011a4   0x00000028   Code   RO          730    .text.HAL_Delay     stm32f4xx_hal.o
    0x080011cc   0x080011cc   0x0000019e   Code   RO          531    .text.HAL_GPIO_Init  stm32f4xx_hal_gpio.o
    0x0800136a   0x0800136a   0x00000002   PAD
    0x0800136c   0x0800136c   0x00000010   Code   RO          539    .text.HAL_GPIO_TogglePin  stm32f4xx_hal_gpio.o
    0x0800137c   0x0800137c   0x0000000a   Code   RO          537    .text.HAL_GPIO_WritePin  stm32f4xx_hal_gpio.o
    0x08001386   0x08001386   0x00000002   PAD
    0x08001388   0x08001388   0x0000000c   Code   RO          722    .text.HAL_GetTick   stm32f4xx_hal.o
    0x08001394   0x08001394   0x0000001a   Code   RO          720    .text.HAL_IncTick   stm32f4xx_hal.o
    0x080013ae   0x080013ae   0x00000002   PAD
    0x080013b0   0x080013b0   0x00000036   Code   RO          710    .text.HAL_Init      stm32f4xx_hal.o
    0x080013e6   0x080013e6   0x00000002   PAD
    0x080013e8   0x080013e8   0x000000b2   Code   RO          208    .text.HAL_InitTick  stm32f4xx_hal_timebase_tim.o
    0x0800149a   0x0800149a   0x00000002   PAD
    0x0800149c   0x0800149c   0x00000042   Code   RO          199    .text.HAL_MspInit   stm32f4xx_hal_msp.o
    0x080014de   0x080014de   0x00000002   PAD
    0x080014e0   0x080014e0   0x00000022   Code   RO          668    .text.HAL_NVIC_EnableIRQ  stm32f4xx_hal_cortex.o
    0x08001502   0x08001502   0x00000002   PAD
    0x08001504   0x08001504   0x00000056   Code   RO          666    .text.HAL_NVIC_SetPriority  stm32f4xx_hal_cortex.o
    0x0800155a   0x0800155a   0x00000002   PAD
    0x0800155c   0x0800155c   0x00000020   Code   RO          664    .text.HAL_NVIC_SetPriorityGrouping  stm32f4xx_hal_cortex.o
    0x0800157c   0x0800157c   0x00000002   Code   RO          305    .text.HAL_PCDEx_LPM_Callback  stm32f4xx_hal_pcd_ex.o
    0x0800157e   0x0800157e   0x00000002   PAD
    0x08001580   0x08001580   0x00000008   Code   RO          303    .text.HAL_PCDEx_SetRxFiFo  stm32f4xx_hal_pcd_ex.o
    0x08001588   0x08001588   0x000000ce   Code   RO          301    .text.HAL_PCDEx_SetTxFiFo  stm32f4xx_hal_pcd_ex.o
    0x08001656   0x08001656   0x00000002   PAD
    0x08001658   0x08001658   0x00000008   Code   RO         2260    .text.HAL_PCD_ConnectCallback  usbd_conf.o
    0x08001660   0x08001660   0x00000014   Code   RO         2246    .text.HAL_PCD_DataInStageCallback  usbd_conf.o
    0x08001674   0x08001674   0x00000016   Code   RO         2244    .text.HAL_PCD_DataOutStageCallback  usbd_conf.o
    0x0800168a   0x0800168a   0x00000002   PAD
    0x0800168c   0x0800168c   0x00000008   Code   RO         2262    .text.HAL_PCD_DisconnectCallback  usbd_conf.o
    0x08001694   0x08001694   0x0000004e   Code   RO          271    .text.HAL_PCD_EP_Close  stm32f4xx_hal_pcd.o
    0x080016e2   0x080016e2   0x00000002   PAD
    0x080016e4   0x080016e4   0x00000060   Code   RO          281    .text.HAL_PCD_EP_ClrStall  stm32f4xx_hal_pcd.o
    0x08001744   0x08001744   0x00000012   Code   RO          275    .text.HAL_PCD_EP_GetRxCount  stm32f4xx_hal_pcd.o
    0x08001756   0x08001756   0x00000002   PAD
    0x08001758   0x08001758   0x00000070   Code   RO          269    .text.HAL_PCD_EP_Open  stm32f4xx_hal_pcd.o
    0x080017c8   0x080017c8   0x0000004c   Code   RO          273    .text.HAL_PCD_EP_Receive  stm32f4xx_hal_pcd.o
    0x08001814   0x08001814   0x0000006e   Code   RO          279    .text.HAL_PCD_EP_SetStall  stm32f4xx_hal_pcd.o
    0x08001882   0x08001882   0x00000002   PAD
    0x08001884   0x08001884   0x00000044   Code   RO          277    .text.HAL_PCD_EP_Transmit  stm32f4xx_hal_pcd.o
    0x080018c8   0x080018c8   0x000008d0   Code   RO          235    .text.HAL_PCD_IRQHandler  stm32f4xx_hal_pcd.o
    0x08002198   0x08002198   0x00000008   Code   RO         2258    .text.HAL_PCD_ISOINIncompleteCallback  usbd_conf.o
    0x080021a0   0x080021a0   0x00000008   Code   RO         2256    .text.HAL_PCD_ISOOUTIncompleteCallback  usbd_conf.o
    0x080021a8   0x080021a8   0x000001b4   Code   RO          223    .text.HAL_PCD_Init  stm32f4xx_hal_pcd.o
    0x0800235c   0x0800235c   0x00000088   Code   RO         2238    .text.HAL_PCD_MspInit  usbd_conf.o
    0x080023e4   0x080023e4   0x0000002a   Code   RO         2250    .text.HAL_PCD_ResetCallback  usbd_conf.o
    0x0800240e   0x0800240e   0x00000002   PAD
    0x08002410   0x08002410   0x00000008   Code   RO         2254    .text.HAL_PCD_ResumeCallback  usbd_conf.o
    0x08002418   0x08002418   0x00000008   Code   RO         2248    .text.HAL_PCD_SOFCallback  usbd_conf.o
    0x08002420   0x08002420   0x0000002a   Code   RO          267    .text.HAL_PCD_SetAddress  stm32f4xx_hal_pcd.o
    0x0800244a   0x0800244a   0x00000002   PAD
    0x0800244c   0x0800244c   0x0000000e   Code   RO         2242    .text.HAL_PCD_SetupStageCallback  usbd_conf.o
    0x0800245a   0x0800245a   0x00000002   PAD
    0x0800245c   0x0800245c   0x0000003e   Code   RO          231    .text.HAL_PCD_Start  stm32f4xx_hal_pcd.o
    0x0800249a   0x0800249a   0x00000002   PAD
    0x0800249c   0x0800249c   0x00000034   Code   RO         2252    .text.HAL_PCD_SuspendCallback  usbd_conf.o
    0x080024d0   0x080024d0   0x00000164   Code   RO          425    .text.HAL_RCC_ClockConfig  stm32f4xx_hal_rcc.o
    0x08002634   0x08002634   0x0000003e   Code   RO          443    .text.HAL_RCC_GetClockConfig  stm32f4xx_hal_rcc.o
    0x08002672   0x08002672   0x00000002   PAD
    0x08002674   0x08002674   0x0000000c   Code   RO          435    .text.HAL_RCC_GetHCLKFreq  stm32f4xx_hal_rcc.o
    0x08002680   0x08002680   0x00000026   Code   RO          437    .text.HAL_RCC_GetPCLK1Freq  stm32f4xx_hal_rcc.o
    0x080026a6   0x080026a6   0x00000002   PAD
    0x080026a8   0x080026a8   0x00000026   Code   RO          439    .text.HAL_RCC_GetPCLK2Freq  stm32f4xx_hal_rcc.o
    0x080026ce   0x080026ce   0x00000002   PAD
    0x080026d0   0x080026d0   0x0000006c   Code   RO          427    .text.HAL_RCC_GetSysClockFreq  stm32f4xx_hal_rcc.o
    0x0800273c   0x0800273c   0x000003ac   Code   RO          423    .text.HAL_RCC_OscConfig  stm32f4xx_hal_rcc.o
    0x08002ae8   0x08002ae8   0x000000b0   Code   RO          800    .text.HAL_SPI_Init  stm32f4xx_hal_spi.o
    0x08002b98   0x08002b98   0x000000ee   Code   RO           85    .text.HAL_SPI_MspInit  spi.o
    0x08002c86   0x08002c86   0x00000002   PAD
    0x08002c88   0x08002c88   0x00000252   Code   RO          808    .text.HAL_SPI_Transmit  stm32f4xx_hal_spi.o
    0x08002eda   0x08002eda   0x00000002   PAD
    0x08002edc   0x08002edc   0x00000314   Code   RO          812    .text.HAL_SPI_TransmitReceive  stm32f4xx_hal_spi.o
    0x080031f0   0x080031f0   0x00000002   Code   RO         1219    .text.HAL_TIMEx_BreakCallback  stm32f4xx_hal_tim_ex.o
    0x080031f2   0x080031f2   0x00000002   PAD
    0x080031f4   0x080031f4   0x00000002   Code   RO         1215    .text.HAL_TIMEx_CommutCallback  stm32f4xx_hal_tim_ex.o
    0x080031f6   0x080031f6   0x00000002   PAD
    0x080031f8   0x080031f8   0x0000004c   Code   RO         1211    .text.HAL_TIMEx_ConfigBreakDeadTime  stm32f4xx_hal_tim_ex.o
    0x08003244   0x08003244   0x000000ba   Code   RO         1209    .text.HAL_TIMEx_MasterConfigSynchronization  stm32f4xx_hal_tim_ex.o
    0x080032fe   0x080032fe   0x00000002   PAD
    0x08003300   0x08003300   0x0000005a   Code   RO          914    .text.HAL_TIM_Base_Init  stm32f4xx_hal_tim.o
    0x0800335a   0x0800335a   0x00000002   PAD
    0x0800335c   0x0800335c   0x000000e0   Code   RO          115    .text.HAL_TIM_Base_MspInit  tim.o
    0x0800343c   0x0800343c   0x000000aa   Code   RO          928    .text.HAL_TIM_Base_Start_IT  stm32f4xx_hal_tim.o
    0x080034e6   0x080034e6   0x00000002   PAD
    0x080034e8   0x080034e8   0x000001a0   Code   RO         1094    .text.HAL_TIM_ConfigClockSource  stm32f4xx_hal_tim.o
    0x08003688   0x08003688   0x000000b2   Code   RO         1028    .text.HAL_TIM_Encoder_Init  stm32f4xx_hal_tim.o
    0x0800373a   0x0800373a   0x00000002   PAD
    0x0800373c   0x0800373c   0x00000168   Code   RO          117    .text.HAL_TIM_Encoder_MspInit  tim.o
    0x080038a4   0x080038a4   0x000000bc   Code   RO         1036    .text.HAL_TIM_Encoder_Start  stm32f4xx_hal_tim.o
    0x08003960   0x08003960   0x00000002   Code   RO         1050    .text.HAL_TIM_IC_CaptureCallback  stm32f4xx_hal_tim.o
    0x08003962   0x08003962   0x00000002   PAD
    0x08003964   0x08003964   0x00000170   Code   RO         1048    .text.HAL_TIM_IRQHandler  stm32f4xx_hal_tim.o
    0x08003ad4   0x08003ad4   0x00000106   Code   RO          101    .text.HAL_TIM_MspPostInit  tim.o
    0x08003bda   0x08003bda   0x00000002   PAD
    0x08003bdc   0x08003bdc   0x00000002   Code   RO         1052    .text.HAL_TIM_OC_DelayElapsedCallback  stm32f4xx_hal_tim.o
    0x08003bde   0x08003bde   0x00000002   PAD
    0x08003be0   0x08003be0   0x00000220   Code   RO         1068    .text.HAL_TIM_PWM_ConfigChannel  stm32f4xx_hal_tim.o
    0x08003e00   0x08003e00   0x0000005a   Code   RO          968    .text.HAL_TIM_PWM_Init  stm32f4xx_hal_tim.o
    0x08003e5a   0x08003e5a   0x00000002   PAD
    0x08003e5c   0x08003e5c   0x00000002   Code   RO          970    .text.HAL_TIM_PWM_MspInit  stm32f4xx_hal_tim.o
    0x08003e5e   0x08003e5e   0x00000002   PAD
    0x08003e60   0x08003e60   0x00000002   Code   RO         1054    .text.HAL_TIM_PWM_PulseFinishedCallback  stm32f4xx_hal_tim.o
    0x08003e62   0x08003e62   0x00000002   PAD
    0x08003e64   0x08003e64   0x0000010e   Code   RO          976    .text.HAL_TIM_PWM_Start  stm32f4xx_hal_tim.o
    0x08003f72   0x08003f72   0x00000002   PAD
    0x08003f74   0x08003f74   0x00000014   Code   RO           19    .text.HAL_TIM_PeriodElapsedCallback  main.o
    0x08003f88   0x08003f88   0x00000002   Code   RO         1058    .text.HAL_TIM_TriggerCallback  stm32f4xx_hal_tim.o
    0x08003f8a   0x08003f8a   0x00000002   PAD
    0x08003f8c   0x08003f8c   0x00000002   Code   RO         1317    .text.HAL_UARTEx_RxEventCallback  stm32f4xx_hal_uart.o
    0x08003f8e   0x08003f8e   0x00000002   PAD
    0x08003f90   0x08003f90   0x00000002   Code   RO         1315    .text.HAL_UART_ErrorCallback  stm32f4xx_hal_uart.o
    0x08003f92   0x08003f92   0x00000002   PAD
    0x08003f94   0x08003f94   0x00000568   Code   RO         1309    .text.HAL_UART_IRQHandler  stm32f4xx_hal_uart.o
    0x080044fc   0x080044fc   0x0000005e   Code   RO         1233    .text.HAL_UART_Init  stm32f4xx_hal_uart.o
    0x0800455a   0x0800455a   0x00000002   PAD
    0x0800455c   0x0800455c   0x00000298   Code   RO          149    .text.HAL_UART_MspInit  usart.o
    0x080047f4   0x080047f4   0x00000060   Code   RO         1255    .text.HAL_UART_Receive_IT  stm32f4xx_hal_uart.o
    0x08004854   0x08004854   0x00000056   Code   RO           17    .text.HAL_UART_RxCpltCallback  main.o
    0x080048aa   0x080048aa   0x00000002   PAD
    0x080048ac   0x080048ac   0x00000282   Code   RO         1249    .text.HAL_UART_Transmit  stm32f4xx_hal_uart.o
    0x08004b2e   0x08004b2e   0x00000002   PAD
    0x08004b30   0x08004b30   0x00000002   Code   RO         1319    .text.HAL_UART_TxCpltCallback  stm32f4xx_hal_uart.o
    0x08004b32   0x08004b32   0x00000002   PAD
    0x08004b34   0x08004b34   0x00000056   Code   RO         1869    .text.HMI_struct_init  hmi.o
    0x08004b8a   0x08004b8a   0x00000002   PAD
    0x08004b8c   0x08004b8c   0x00000002   Code   RO          168    .text.HardFault_Handler  stm32f4xx_it.o
    0x08004b8e   0x08004b8e   0x00000002   PAD
    0x08004b90   0x08004b90   0x00000016   Code   RO         1882    .text.IMU660RA_CS   imu660ra.o
    0x08004ba6   0x08004ba6   0x00000002   PAD
    0x08004ba8   0x08004ba8   0x0000022c   Code   RO           53    .text.InertialNavigation_Entry  freertos.o
    0x08004dd4   0x08004dd4   0x0000000c   Code   RO         2014    .text.LED_Off       led.o
    0x08004de0   0x08004de0   0x0000000c   Code   RO         2012    .text.LED_On        led.o
    0x08004dec   0x08004dec   0x0000000a   Code   RO         2016    .text.LED_Toggle    led.o
    0x08004df6   0x08004df6   0x00000002   PAD
    0x08004df8   0x08004df8   0x00000034   Code   RO         2020    .text.LED_struct_init  led.o
    0x08004e2c   0x08004e2c   0x00000050   Code   RO         2043    .text.MOTOR_struct_init  motor.o
    0x08004e7c   0x08004e7c   0x00000038   Code   RO           72    .text.MX_DMA_Init   dma.o
    0x08004eb4   0x08004eb4   0x00000138   Code   RO           43    .text.MX_FREERTOS_Init  freertos.o
    0x08004fec   0x08004fec   0x00000130   Code   RO           30    .text.MX_GPIO_Init  gpio.o
    0x0800511c   0x0800511c   0x0000004c   Code   RO           81    .text.MX_SPI1_Init  spi.o
    0x08005168   0x08005168   0x00000046   Code   RO           83    .text.MX_SPI2_Init  spi.o
    0x080051ae   0x080051ae   0x00000002   PAD
    0x080051b0   0x080051b0   0x00000152   Code   RO           99    .text.MX_TIM1_Init  tim.o
    0x08005302   0x08005302   0x00000002   PAD
    0x08005304   0x08005304   0x0000010a   Code   RO          103    .text.MX_TIM2_Init  tim.o
    0x0800540e   0x0800540e   0x00000002   PAD
    0x08005410   0x08005410   0x00000066   Code   RO          105    .text.MX_TIM3_Init  tim.o
    0x08005476   0x08005476   0x00000002   PAD
    0x08005478   0x08005478   0x00000066   Code   RO          107    .text.MX_TIM4_Init  tim.o
    0x080054de   0x080054de   0x00000002   PAD
    0x080054e0   0x080054e0   0x00000066   Code   RO          109    .text.MX_TIM5_Init  tim.o
    0x08005546   0x08005546   0x00000002   PAD
    0x08005548   0x08005548   0x0000006a   Code   RO          111    .text.MX_TIM8_Init  tim.o
    0x080055b2   0x080055b2   0x00000002   PAD
    0x080055b4   0x080055b4   0x000000c6   Code   RO          113    .text.MX_TIM9_Init  tim.o
    0x0800567a   0x0800567a   0x00000002   PAD
    0x0800567c   0x0800567c   0x0000003c   Code   RO          139    .text.MX_UART4_Init  usart.o
    0x080056b8   0x080056b8   0x0000003c   Code   RO          141    .text.MX_UART5_Init  usart.o
    0x080056f4   0x080056f4   0x0000003c   Code   RO          143    .text.MX_USART1_UART_Init  usart.o
    0x08005730   0x08005730   0x0000003c   Code   RO          145    .text.MX_USART2_UART_Init  usart.o
    0x0800576c   0x0800576c   0x0000003c   Code   RO          147    .text.MX_USART3_UART_Init  usart.o
    0x080057a8   0x080057a8   0x00000072   Code   RO         2179    .text.MX_USB_DEVICE_Init  usb_device.o
    0x0800581a   0x0800581a   0x00000002   PAD
    0x0800581c   0x0800581c   0x00000002   Code   RO          170    .text.MemManage_Handler  stm32f4xx_it.o
    0x0800581e   0x0800581e   0x00000002   PAD
    0x08005820   0x08005820   0x00000174   Code   RO           49    .text.Motor_Entry   freertos.o
    0x08005994   0x08005994   0x00000002   Code   RO          166    .text.NMI_Handler   stm32f4xx_it.o
    0x08005996   0x08005996   0x00000002   PAD
    0x08005998   0x08005998   0x0000000c   Code   RO          190    .text.OTG_FS_IRQHandler  stm32f4xx_it.o
    0x080059a4   0x080059a4   0x00000038   Code   RO         2059    .text.PID_struct_init  motor_pid.o
    0x080059dc   0x080059dc   0x00000004   PAD
    0x080059e0   0x080059e0   0x00000064   Code   RO         1820    .text.PendSV_Handler  port.o
    0x08005a44   0x08005a44   0x00000016   Code   RO         2164    .text.RCFilter      filter.o
    0x08005a5a   0x08005a5a   0x00000002   PAD
    0x08005a5c   0x08005a5c   0x000000e4   Code   RO          904    .text.SPI_WaitFlagStateUntilTimeout  stm32f4xx_hal_spi.o
    0x08005b40   0x08005b40   0x00000024   Code   RO         1804    .text.SVC_Handler   port.o
    0x08005b64   0x08005b64   0x00000248   Code   RO           47    .text.StartDefaultTask  freertos.o
    0x08005dac   0x08005dac   0x0000002e   Code   RO         1822    .text.SysTick_Handler  port.o
    0x08005dda   0x08005dda   0x00000002   PAD
    0x08005ddc   0x08005ddc   0x000000b4   Code   RO           13    .text.SystemClock_Config  main.o
    0x08005e90   0x08005e90   0x00000012   Code   RO         1353    .text.SystemInit    system_stm32f4xx.o
    0x08005ea2   0x08005ea2   0x00000002   PAD
    0x08005ea4   0x08005ea4   0x0000000c   Code   RO          188    .text.TIM7_IRQHandler  stm32f4xx_it.o
    0x08005eb0   0x08005eb0   0x00000134   Code   RO          918    .text.TIM_Base_SetConfig  stm32f4xx_hal_tim.o
    0x08005fe4   0x08005fe4   0x0000000c   Code   RO          186    .text.UART4_IRQHandler  stm32f4xx_it.o
    0x08005ff0   0x08005ff0   0x0000000c   Code   RO         1313    .text.UART_DMAAbortOnError  stm32f4xx_hal_uart.o
    0x08005ffc   0x08005ffc   0x000000fe   Code   RO         1311    .text.UART_Receive_IT  stm32f4xx_hal_uart.o
    0x080060fa   0x080060fa   0x00000002   PAD
    0x080060fc   0x080060fc   0x000000e6   Code   RO         1237    .text.UART_SetConfig  stm32f4xx_hal_uart.o
    0x080061e2   0x080061e2   0x00000002   PAD
    0x080061e4   0x080061e4   0x0000000c   Code   RO          180    .text.USART1_IRQHandler  stm32f4xx_it.o
    0x080061f0   0x080061f0   0x0000000c   Code   RO          182    .text.USART2_IRQHandler  stm32f4xx_it.o
    0x080061fc   0x080061fc   0x0000000c   Code   RO          184    .text.USART3_IRQHandler  stm32f4xx_it.o
    0x08006208   0x08006208   0x00000078   Code   RO         2417    .text.USBD_CDC_DataIn  usbd_cdc.o
    0x08006280   0x08006280   0x0000003c   Code   RO         2419    .text.USBD_CDC_DataOut  usbd_cdc.o
    0x080062bc   0x080062bc   0x0000005a   Code   RO         2411    .text.USBD_CDC_DeInit  usbd_cdc.o
    0x08006316   0x08006316   0x00000002   PAD
    0x08006318   0x08006318   0x00000038   Code   RO         2415    .text.USBD_CDC_EP0_RxReady  usbd_cdc.o
    0x08006350   0x08006350   0x00000010   Code   RO         2427    .text.USBD_CDC_GetDeviceQualifierDescriptor  usbd_cdc.o
    0x08006360   0x08006360   0x00000052   Code   RO         2423    .text.USBD_CDC_GetFSCfgDesc  usbd_cdc.o
    0x080063b2   0x080063b2   0x00000002   PAD
    0x080063b4   0x080063b4   0x00000056   Code   RO         2421    .text.USBD_CDC_GetHSCfgDesc  usbd_cdc.o
    0x0800640a   0x0800640a   0x00000002   PAD
    0x0800640c   0x0800640c   0x00000052   Code   RO         2425    .text.USBD_CDC_GetOtherSpeedCfgDesc  usbd_cdc.o
    0x0800645e   0x0800645e   0x00000002   PAD
    0x08006460   0x08006460   0x000000c8   Code   RO         2409    .text.USBD_CDC_Init  usbd_cdc.o
    0x08006528   0x08006528   0x00000034   Code   RO         2437    .text.USBD_CDC_ReceivePacket  usbd_cdc.o
    0x0800655c   0x0800655c   0x00000018   Code   RO         2429    .text.USBD_CDC_RegisterInterface  usbd_cdc.o
    0x08006574   0x08006574   0x0000001a   Code   RO         2433    .text.USBD_CDC_SetRxBuffer  usbd_cdc.o
    0x0800658e   0x0800658e   0x00000002   PAD
    0x08006590   0x08006590   0x0000001e   Code   RO         2431    .text.USBD_CDC_SetTxBuffer  usbd_cdc.o
    0x080065ae   0x080065ae   0x00000002   PAD
    0x080065b0   0x080065b0   0x000000e8   Code   RO         2413    .text.USBD_CDC_Setup  usbd_cdc.o
    0x08006698   0x08006698   0x00000012   Code   RO         2324    .text.USBD_ClrClassConfig  usbd_core.o
    0x080066aa   0x080066aa   0x00000002   PAD
    0x080066ac   0x080066ac   0x00000004   Code   RO         2332    .text.USBD_CoreFindEP  usbd_core.o
    0x080066b0   0x080066b0   0x00000004   Code   RO         2330    .text.USBD_CoreFindIF  usbd_core.o
    0x080066b4   0x080066b4   0x00000010   Code   RO         2393    .text.USBD_CtlContinueRx  usbd_ioreq.o
    0x080066c4   0x080066c4   0x00000010   Code   RO         2389    .text.USBD_CtlContinueSendData  usbd_ioreq.o
    0x080066d4   0x080066d4   0x00000016   Code   RO         2368    .text.USBD_CtlError  usbd_ctlreq.o
    0x080066ea   0x080066ea   0x00000002   PAD
    0x080066ec   0x080066ec   0x0000001a   Code   RO         2391    .text.USBD_CtlPrepareRx  usbd_ioreq.o
    0x08006706   0x08006706   0x00000002   PAD
    0x08006708   0x08006708   0x00000016   Code   RO         2397    .text.USBD_CtlReceiveStatus  usbd_ioreq.o
    0x0800671e   0x0800671e   0x00000002   PAD
    0x08006720   0x08006720   0x0000001a   Code   RO         2387    .text.USBD_CtlSendData  usbd_ioreq.o
    0x0800673a   0x0800673a   0x00000002   PAD
    0x0800673c   0x0800673c   0x00000016   Code   RO         2395    .text.USBD_CtlSendStatus  usbd_ioreq.o
    0x08006752   0x08006752   0x00000002   PAD
    0x08006754   0x08006754   0x00000024   Code   RO         2198    .text.USBD_FS_ConfigStrDescriptor  usbd_desc.o
    0x08006778   0x08006778   0x0000000e   Code   RO         2188    .text.USBD_FS_DeviceDescriptor  usbd_desc.o
    0x08006786   0x08006786   0x00000002   PAD
    0x08006788   0x08006788   0x00000028   Code   RO         2200    .text.USBD_FS_InterfaceStrDescriptor  usbd_desc.o
    0x080067b0   0x080067b0   0x0000000e   Code   RO         2190    .text.USBD_FS_LangIDStrDescriptor  usbd_desc.o
    0x080067be   0x080067be   0x00000002   PAD
    0x080067c0   0x080067c0   0x0000002c   Code   RO         2192    .text.USBD_FS_ManufacturerStrDescriptor  usbd_desc.o
    0x080067ec   0x080067ec   0x00000030   Code   RO         2194    .text.USBD_FS_ProductStrDescriptor  usbd_desc.o
    0x0800681c   0x0800681c   0x00000170   Code   RO         2196    .text.USBD_FS_SerialStrDescriptor  usbd_desc.o
    0x0800698c   0x0800698c   0x00000084   Code   RO         2354    .text.USBD_GetEpDesc  usbd_core.o
    0x08006a10   0x08006a10   0x000000da   Code   RO         2376    .text.USBD_GetString  usbd_ctlreq.o
    0x08006aea   0x08006aea   0x00000002   PAD
    0x08006aec   0x08006aec   0x0000002a   Code   RO         2310    .text.USBD_Init     usbd_core.o
    0x08006b16   0x08006b16   0x00000002   PAD
    0x08006b18   0x08006b18   0x00000022   Code   RO         2282    .text.USBD_LL_ClearStallEP  usbd_conf.o
    0x08006b3a   0x08006b3a   0x00000002   PAD
    0x08006b3c   0x08006b3c   0x00000022   Code   RO         2276    .text.USBD_LL_CloseEP  usbd_conf.o
    0x08006b5e   0x08006b5e   0x00000002   PAD
    0x08006b60   0x08006b60   0x000000b6   Code   RO         2334    .text.USBD_LL_DataInStage  usbd_core.o
    0x08006c16   0x08006c16   0x00000002   PAD
    0x08006c18   0x08006c18   0x00000070   Code   RO         2328    .text.USBD_LL_DataOutStage  usbd_core.o
    0x08006c88   0x08006c88   0x00000004   Code   RO         2350    .text.USBD_LL_DevConnected  usbd_core.o
    0x08006c8c   0x08006c8c   0x00000022   Code   RO         2352    .text.USBD_LL_DevDisconnected  usbd_core.o
    0x08006cae   0x08006cae   0x00000002   PAD
    0x08006cb0   0x08006cb0   0x00000008   Code   RO         2292    .text.USBD_LL_GetRxDataSize  usbd_conf.o
    0x08006cb8   0x08006cb8   0x00000072   Code   RO         2264    .text.USBD_LL_Init  usbd_conf.o
    0x08006d2a   0x08006d2a   0x00000002   PAD
    0x08006d2c   0x08006d2c   0x0000002a   Code   RO         2284    .text.USBD_LL_IsStallEP  usbd_conf.o
    0x08006d56   0x08006d56   0x00000002   PAD
    0x08006d58   0x08006d58   0x0000002c   Code   RO         2346    .text.USBD_LL_IsoINIncomplete  usbd_core.o
    0x08006d84   0x08006d84   0x0000002c   Code   RO         2348    .text.USBD_LL_IsoOUTIncomplete  usbd_core.o
    0x08006db0   0x08006db0   0x00000028   Code   RO         2274    .text.USBD_LL_OpenEP  usbd_conf.o
    0x08006dd8   0x08006dd8   0x00000022   Code   RO         2290    .text.USBD_LL_PrepareReceive  usbd_conf.o
    0x08006dfa   0x08006dfa   0x00000002   PAD
    0x08006dfc   0x08006dfc   0x00000060   Code   RO         2336    .text.USBD_LL_Reset  usbd_core.o
    0x08006e5c   0x08006e5c   0x00000014   Code   RO         2342    .text.USBD_LL_Resume  usbd_core.o
    0x08006e70   0x08006e70   0x0000001e   Code   RO         2344    .text.USBD_LL_SOF   usbd_core.o
    0x08006e8e   0x08006e8e   0x00000002   PAD
    0x08006e90   0x08006e90   0x00000008   Code   RO         2338    .text.USBD_LL_SetSpeed  usbd_core.o
    0x08006e98   0x08006e98   0x00000022   Code   RO         2286    .text.USBD_LL_SetUSBAddress  usbd_conf.o
    0x08006eba   0x08006eba   0x00000002   PAD
    0x08006ebc   0x08006ebc   0x00000062   Code   RO         2326    .text.USBD_LL_SetupStage  usbd_core.o
    0x08006f1e   0x08006f1e   0x00000002   PAD
    0x08006f20   0x08006f20   0x00000022   Code   RO         2280    .text.USBD_LL_StallEP  usbd_conf.o
    0x08006f42   0x08006f42   0x00000002   PAD
    0x08006f44   0x08006f44   0x00000022   Code   RO         2270    .text.USBD_LL_Start  usbd_conf.o
    0x08006f66   0x08006f66   0x00000002   PAD
    0x08006f68   0x08006f68   0x00000014   Code   RO         2340    .text.USBD_LL_Suspend  usbd_core.o
    0x08006f7c   0x08006f7c   0x00000022   Code   RO         2288    .text.USBD_LL_Transmit  usbd_conf.o
    0x08006f9e   0x08006f9e   0x00000002   PAD
    0x08006fa0   0x08006fa0   0x00000016   Code   RO         2374    .text.USBD_ParseSetupRequest  usbd_ctlreq.o
    0x08006fb6   0x08006fb6   0x00000002   PAD
    0x08006fb8   0x08006fb8   0x00000042   Code   RO         2314    .text.USBD_RegisterClass  usbd_core.o
    0x08006ffa   0x08006ffa   0x00000002   PAD
    0x08006ffc   0x08006ffc   0x00000010   Code   RO         2322    .text.USBD_SetClassConfig  usbd_core.o
    0x0800700c   0x0800700c   0x00000004   Code   RO         2316    .text.USBD_Start    usbd_core.o
    0x08007010   0x08007010   0x00000384   Code   RO         2366    .text.USBD_StdDevReq  usbd_ctlreq.o
    0x08007394   0x08007394   0x00000166   Code   RO         2372    .text.USBD_StdEPReq  usbd_ctlreq.o
    0x080074fa   0x080074fa   0x00000002   PAD
    0x080074fc   0x080074fc   0x00000078   Code   RO         2370    .text.USBD_StdItfReq  usbd_ctlreq.o
    0x08007574   0x08007574   0x00000002   Code   RO         2296    .text.USBD_static_free  usbd_conf.o
    0x08007576   0x08007576   0x00000002   PAD
    0x08007578   0x08007578   0x0000000a   Code   RO         2294    .text.USBD_static_malloc  usbd_conf.o
    0x08007582   0x08007582   0x00000002   PAD
    0x08007584   0x08007584   0x00000082   Code   RO          339    .text.USB_ActivateEndpoint  stm32f4xx_ll_usb.o
    0x08007606   0x08007606   0x00000002   PAD
    0x08007608   0x08007608   0x00000020   Code   RO          381    .text.USB_ActivateSetup  stm32f4xx_ll_usb.o
    0x08007628   0x08007628   0x000001de   Code   RO          317    .text.USB_CoreInit  stm32f4xx_ll_usb.o
    0x08007806   0x08007806   0x00000002   PAD
    0x08007808   0x08007808   0x00000082   Code   RO          343    .text.USB_DeactivateEndpoint  stm32f4xx_ll_usb.o
    0x0800788a   0x0800788a   0x00000002   PAD
    0x0800788c   0x0800788c   0x0000001e   Code   RO          365    .text.USB_DevConnect  stm32f4xx_ll_usb.o
    0x080078aa   0x080078aa   0x00000002   PAD
    0x080078ac   0x080078ac   0x0000001e   Code   RO          367    .text.USB_DevDisconnect  stm32f4xx_ll_usb.o
    0x080078ca   0x080078ca   0x00000002   PAD
    0x080078cc   0x080078cc   0x00000486   Code   RO          329    .text.USB_DevInit   stm32f4xx_ll_usb.o
    0x08007d52   0x08007d52   0x00000002   PAD
    0x08007d54   0x08007d54   0x0000000e   Code   RO          323    .text.USB_DisableGlobalInt  stm32f4xx_ll_usb.o
    0x08007d62   0x08007d62   0x00000002   PAD
    0x08007d64   0x08007d64   0x000000f8   Code   RO          351    .text.USB_EP0StartXfer  stm32f4xx_ll_usb.o
    0x08007e5c   0x08007e5c   0x0000005a   Code   RO          383    .text.USB_EP0_OutStart  stm32f4xx_ll_usb.o
    0x08007eb6   0x08007eb6   0x00000002   PAD
    0x08007eb8   0x08007eb8   0x00000052   Code   RO          359    .text.USB_EPClearStall  stm32f4xx_ll_usb.o
    0x08007f0a   0x08007f0a   0x00000002   PAD
    0x08007f0c   0x08007f0c   0x0000003e   Code   RO          357    .text.USB_EPSetStall  stm32f4xx_ll_usb.o
    0x08007f4a   0x08007f4a   0x00000002   PAD
    0x08007f4c   0x08007f4c   0x000001fc   Code   RO          347    .text.USB_EPStartXfer  stm32f4xx_ll_usb.o
    0x08008148   0x08008148   0x0000010e   Code   RO          353    .text.USB_EPStopXfer  stm32f4xx_ll_usb.o
    0x08008256   0x08008256   0x00000002   PAD
    0x08008258   0x08008258   0x0000000e   Code   RO          321    .text.USB_EnableGlobalInt  stm32f4xx_ll_usb.o
    0x08008266   0x08008266   0x00000002   PAD
    0x08008268   0x08008268   0x000000b6   Code   RO          333    .text.USB_FlushTxFifo  stm32f4xx_ll_usb.o
    0x0800831e   0x0800831e   0x00000002   PAD
    0x08008320   0x08008320   0x0000001a   Code   RO          337    .text.USB_GetDevSpeed  stm32f4xx_ll_usb.o
    0x0800833a   0x0800833a   0x00000002   PAD
    0x0800833c   0x0800833c   0x00000008   Code   RO          327    .text.USB_GetMode   stm32f4xx_ll_usb.o
    0x08008344   0x08008344   0x0000000e   Code   RO          373    .text.USB_ReadDevAllInEpInterrupt  stm32f4xx_ll_usb.o
    0x08008352   0x08008352   0x00000002   PAD
    0x08008354   0x08008354   0x0000000e   Code   RO          371    .text.USB_ReadDevAllOutEpInterrupt  stm32f4xx_ll_usb.o
    0x08008362   0x08008362   0x00000002   PAD
    0x08008364   0x08008364   0x00000024   Code   RO          377    .text.USB_ReadDevInEPInterrupt  stm32f4xx_ll_usb.o
    0x08008388   0x08008388   0x00000010   Code   RO          375    .text.USB_ReadDevOutEPInterrupt  stm32f4xx_ll_usb.o
    0x08008398   0x08008398   0x00000008   Code   RO          369    .text.USB_ReadInterrupts  stm32f4xx_ll_usb.o
    0x080083a0   0x080083a0   0x000000aa   Code   RO          355    .text.USB_ReadPacket  stm32f4xx_ll_usb.o
    0x0800844a   0x0800844a   0x00000002   PAD
    0x0800844c   0x0800844c   0x00000064   Code   RO          325    .text.USB_SetCurrentMode  stm32f4xx_ll_usb.o
    0x080084b0   0x080084b0   0x00000022   Code   RO          363    .text.USB_SetDevAddress  stm32f4xx_ll_usb.o
    0x080084d2   0x080084d2   0x00000002   PAD
    0x080084d4   0x080084d4   0x00000118   Code   RO          319    .text.USB_SetTurnaroundTime  stm32f4xx_ll_usb.o
    0x080085ec   0x080085ec   0x0000006a   Code   RO          349    .text.USB_WritePacket  stm32f4xx_ll_usb.o
    0x08008656   0x08008656   0x00000002   PAD
    0x08008658   0x08008658   0x00000058   Code   RO         2146    .text.USB_analysis  usb_cdc.o
    0x080086b0   0x080086b0   0x00000002   Code   RO          174    .text.UsageFault_Handler  stm32f4xx_it.o
    0x080086b2   0x080086b2   0x00000002   PAD
    0x080086b4   0x080086b4   0x000001ae   Code   RO         2099    .text.XBOX_data_analysis  xbox.o
    0x08008862   0x08008862   0x00000002   PAD
    0x08008864   0x08008864   0x00000032   Code   RO         2097    .text.XBOX_get_p    xbox.o
    0x08008896   0x08008896   0x00000002   PAD
    0x08008898   0x08008898   0x00000006   Code   RO         2091    .text.XBOX_param_init  xbox.o
    0x0800889e   0x0800889e   0x00000002   PAD
    0x080088a0   0x080088a0   0x0000007e   Code   RO         2107    .text.XBOX_struct_init  xbox.o
    0x0800891e   0x0800891e   0x00000002   PAD
    0x08008920   0x08008920   0x00000142   Code   RO         2039    .text.all_motor_check  motor.o
    0x08008a62   0x08008a62   0x00000002   PAD
    0x08008a64   0x08008a64   0x00000170   Code   RO         2101    .text.check_buttom  xbox.o
    0x08008bd4   0x08008bd4   0x000000c2   Code   RO         2103    .text.check_telecontrol  xbox.o
    0x08008c96   0x08008c96   0x00000002   PAD
    0x08008c98   0x08008c98   0x0000004c   Code   RO         2037    .text.clear_pwm     motor.o
    0x08008ce4   0x08008ce4   0x00000030   Code   RO         1836    .text.encoder_check  encoder.o
    0x08008d14   0x08008d14   0x00000034   Code   RO         1842    .text.encoder_get   encoder.o
    0x08008d48   0x08008d48   0x00000024   Code   RO         1838    .text.encoder_param_init  encoder.o
    0x08008d6c   0x08008d6c   0x00000042   Code   RO         1846    .text.encoder_struct_init  encoder.o
    0x08008dae   0x08008dae   0x00000002   PAD
    0x08008db0   0x08008db0   0x000000f8   Code   RO         1840    .text.encoder_to_hmi  encoder.o
    0x08008ea8   0x08008ea8   0x00000020   Code   RO         1859    .text.fputc         hmi.o
    0x08008ec8   0x08008ec8   0x00000534   Code   RO         1867    .text.hmi_data_analysis  hmi.o
    0x080093fc   0x080093fc   0x00000026   Code   RO         1865    .text.hmi_get_p     hmi.o
    0x08009422   0x08009422   0x00000002   PAD
    0x08009424   0x08009424   0x00000006   Code   RO         1861    .text.hmi_param_init  hmi.o
    0x0800942a   0x0800942a   0x00000002   PAD
    0x0800942c   0x0800942c   0x0000000e   Code   RO         1863    .text.hmi_wait_command  hmi.o
    0x0800943a   0x0800943a   0x00000002   PAD
    0x0800943c   0x0800943c   0x0000014c   Code   RO         1894    .text.imu660_gyroOffset  imu660ra.o
    0x08009588   0x08009588   0x00000016   Code   RO         1910    .text.imu660ra_check  imu660ra.o
    0x0800959e   0x0800959e   0x00000002   PAD
    0x080095a0   0x080095a0   0x00000044   Code   RO         1912    .text.imu660ra_get  imu660ra.o
    0x080095e4   0x080095e4   0x00000028   Code   RO         1898    .text.imu660ra_get_acc  imu660ra.o
    0x0800960c   0x0800960c   0x0000002e   Code   RO         1900    .text.imu660ra_get_gyro  imu660ra.o
    0x0800963a   0x0800963a   0x00000002   PAD
    0x0800963c   0x0800963c   0x00000134   Code   RO         1896    .text.imu660ra_init  imu660ra.o
    0x08009770   0x08009770   0x0000005c   Code   RO         1904    .text.imu660ra_print  imu660ra.o
    0x080097cc   0x080097cc   0x0000004c   Code   RO         1888    .text.imu660ra_read_register  imu660ra.o
    0x08009818   0x08009818   0x00000050   Code   RO         1890    .text.imu660ra_read_registers  imu660ra.o
    0x08009868   0x08009868   0x00000028   Code   RO         1892    .text.imu660ra_self_check  imu660ra.o
    0x08009890   0x08009890   0x000000d8   Code   RO         1906    .text.imu660ra_to_hmi  imu660ra.o
    0x08009968   0x08009968   0x0000006a   Code   RO         1908    .text.imu660ra_transition  imu660ra.o
    0x080099d2   0x080099d2   0x00000002   PAD
    0x080099d4   0x080099d4   0x0000004c   Code   RO         1884    .text.imu660ra_write_register  imu660ra.o
    0x08009a20   0x08009a20   0x00000048   Code   RO         1886    .text.imu660ra_write_registers  imu660ra.o
    0x08009a68   0x08009a68   0x0000002e   Code   RO         1902    .text.imu_param_init  imu660ra.o
    0x08009a96   0x08009a96   0x00000002   PAD
    0x08009a98   0x08009a98   0x000000dc   Code   RO         1914    .text.imu_struct_init  imu660ra.o
    0x08009b74   0x08009b74   0x0000012a   Code   RO         2130    .text.kalman2_filter  kalman_filter.o
    0x08009c9e   0x08009c9e   0x00000002   PAD
    0x08009ca0   0x08009ca0   0x0000003a   Code   RO         2128    .text.kalman2_param_init  kalman_filter.o
    0x08009cda   0x08009cda   0x00000002   PAD
    0x08009cdc   0x08009cdc   0x0000004e   Code   RO         2132    .text.kalman2_struct_init  kalman_filter.o
    0x08009d2a   0x08009d2a   0x00000002   PAD
    0x08009d2c   0x08009d2c   0x00000006   Code   RO         2018    .text.led_param_init  led.o
    0x08009d32   0x08009d32   0x00000002   PAD
    0x08009d34   0x08009d34   0x00000060   Code   RO           11    .text.main          main.o
    0x08009d94   0x08009d94   0x00000032   Code   RO         2041    .text.motor_check   motor.o
    0x08009dc6   0x08009dc6   0x00000002   PAD
    0x08009dc8   0x08009dc8   0x00000010   Code   RO         2031    .text.motor_param_init  motor.o
    0x08009dd8   0x08009dd8   0x00000004   Code   RO         2033    .text.motor_set_pwm  motor.o
    0x08009ddc   0x08009ddc   0x00000056   Code   RO         2035    .text.motor_update_pwm  motor.o
    0x08009e32   0x08009e32   0x00000002   PAD
    0x08009e34   0x08009e34   0x00000010   Code   RO         1681    .text.osDelay       cmsis_os.o
    0x08009e44   0x08009e44   0x0000000a   Code   RO         1663    .text.osKernelStart  cmsis_os.o
    0x08009e4e   0x08009e4e   0x00000002   PAD
    0x08009e50   0x08009e50   0x0000005c   Code   RO         1669    .text.osThreadCreate  cmsis_os.o
    0x08009eac   0x08009eac   0x0000000e   Code   RO         1745    .text.osThreadResumeAll  cmsis_os.o
    0x08009eba   0x08009eba   0x00000002   PAD
    0x08009ebc   0x08009ebc   0x0000000a   Code   RO         1739    .text.osThreadSuspend  cmsis_os.o
    0x08009ec6   0x08009ec6   0x00000002   PAD
    0x08009ec8   0x08009ec8   0x0000000a   Code   RO         1743    .text.osThreadSuspendAll  cmsis_os.o
    0x08009ed2   0x08009ed2   0x00000002   PAD
    0x08009ed4   0x08009ed4   0x0000003c   Code   RO         1683    .text.osTimerCreate  cmsis_os.o
    0x08009f10   0x08009f10   0x0000006a   Code   RO         1685    .text.osTimerStart  cmsis_os.o
    0x08009f7a   0x08009f7a   0x00000002   PAD
    0x08009f7c   0x08009f7c   0x00000234   Code   RO         2057    .text.pid_calc      motor_pid.o
    0x0800a1b0   0x0800a1b0   0x00000016   Code   RO         2061    .text.pid_param_init  motor_pid.o
    0x0800a1c6   0x0800a1c6   0x00000002   PAD
    0x0800a1c8   0x0800a1c8   0x00000006   Code   RO         2063    .text.pid_reset     motor_pid.o
    0x0800a1ce   0x0800a1ce   0x00000002   PAD
    0x0800a1d0   0x0800a1d0   0x00000040   Code   RO         2105    .text.printf_xbox   xbox.o
    0x0800a210   0x0800a210   0x0000007e   Code   RO         1528    .text.prvAddCurrentTaskToDelayedList  tasks.o
    0x0800a28e   0x0800a28e   0x00000002   PAD
    0x0800a290   0x0800a290   0x000000fc   Code   RO         1518    .text.prvAddNewTaskToReadyList  tasks.o
    0x0800a38c   0x0800a38c   0x00000086   Code   RO         1548    .text.prvIdleTask   tasks.o
    0x0800a412   0x0800a412   0x00000002   PAD
    0x0800a414   0x0800a414   0x000000f4   Code   RO         1516    .text.prvInitialiseNewTask  tasks.o
    0x0800a508   0x0800a508   0x000000ae   Code   RO         1627    .text.prvInitialiseNewTimer  timers.o
    0x0800a5b6   0x0800a5b6   0x00000002   PAD
    0x0800a5b8   0x0800a5b8   0x00000028   Code   RO         1812    .text.prvPortStartFirstTask  port.o
    0x0800a5e0   0x0800a5e0   0x0000003e   Code   RO         1802    .text.prvTaskExitError  port.o
    0x0800a61e   0x0800a61e   0x00000002   PAD
    0x0800a620   0x0800a620   0x0000036a   Code   RO         1623    .text.prvTimerTask  timers.o
    0x0800a98a   0x0800a98a   0x00000002   PAD
    0x0800a98c   0x0800a98c   0x00000074   Code   RO         1427    .text.prvUnlockQueue  queue.o
    0x0800aa00   0x0800aa00   0x000001f0   Code   RO         1778    .text.pvPortMalloc  heap_4.o
    0x0800abf0   0x0800abf0   0x00000024   Code   RO         1800    .text.pxPortInitialiseStack  port.o
    0x0800ac14   0x0800ac14   0x00000022   Code   RO         1844    .text.set_speed     encoder.o
    0x0800ac36   0x0800ac36   0x00000002   PAD
    0x0800ac38   0x0800ac38   0x000000ec   Code   RO         2148    .text.usb_xbox_todata  usb_cdc.o
    0x0800ad24   0x0800ad24   0x0000009a   Code   RO         2152    .text.usb_xbox_todata_run  usb_cdc.o
    0x0800adbe   0x0800adbe   0x00000002   PAD
    0x0800adc0   0x0800adc0   0x00000022   Code   RO         1405    .text.uxListRemove  list.o
    0x0800ade2   0x0800ade2   0x00000002   PAD
    0x0800ade4   0x0800ade4   0x0000001a   Code   RO           39    .text.vApplicationGetIdleTaskMemory  freertos.o
    0x0800adfe   0x0800adfe   0x00000002   PAD
    0x0800ae00   0x0800ae00   0x0000001c   Code   RO           41    .text.vApplicationGetTimerTaskMemory  freertos.o
    0x0800ae1c   0x0800ae1c   0x00000016   Code   RO         1397    .text.vListInitialise  list.o
    0x0800ae32   0x0800ae32   0x00000002   PAD
    0x0800ae34   0x0800ae34   0x00000006   Code   RO         1399    .text.vListInitialiseItem  list.o
    0x0800ae3a   0x0800ae3a   0x00000002   PAD
    0x0800ae3c   0x0800ae3c   0x00000062   Code   RO         1403    .text.vListInsert   list.o
    0x0800ae9e   0x0800ae9e   0x00000002   PAD
    0x0800aea0   0x0800aea0   0x0000001a   Code   RO         1401    .text.vListInsertEnd  list.o
    0x0800aeba   0x0800aeba   0x00000002   PAD
    0x0800aebc   0x0800aebc   0x00000014   Code   RO         1810    .text.vPortEnableVFP  port.o
    0x0800aed0   0x0800aed0   0x00000046   Code   RO         1816    .text.vPortEnterCritical  port.o
    0x0800af16   0x0800af16   0x00000002   PAD
    0x0800af18   0x0800af18   0x0000002e   Code   RO         1818    .text.vPortExitCritical  port.o
    0x0800af46   0x0800af46   0x00000002   PAD
    0x0800af48   0x0800af48   0x000000d4   Code   RO         1780    .text.vPortFree     heap_4.o
    0x0800b01c   0x0800b01c   0x00000034   Code   RO         1808    .text.vPortSetupTimerInterrupt  port.o
    0x0800b050   0x0800b050   0x0000005e   Code   RO         1824    .text.vPortValidateInterruptPriority  port.o
    0x0800b0ae   0x0800b0ae   0x00000002   PAD
    0x0800b0b0   0x0800b0b0   0x00000058   Code   RO         1457    .text.vQueueAddToRegistry  queue.o
    0x0800b108   0x0800b108   0x00000052   Code   RO         1461    .text.vQueueWaitForMessageRestricted  queue.o
    0x0800b15a   0x0800b15a   0x00000002   PAD
    0x0800b15c   0x0800b15c   0x0000009e   Code   RO         1524    .text.vTaskDelay    tasks.o
    0x0800b1fa   0x0800b1fa   0x00000002   PAD
    0x0800b1fc   0x0800b1fc   0x00000012   Code   RO         1576    .text.vTaskInternalSetTimeOutState  tasks.o
    0x0800b20e   0x0800b20e   0x00000002   PAD
    0x0800b210   0x0800b210   0x0000000e   Code   RO         1580    .text.vTaskMissedYield  tasks.o
    0x0800b21e   0x0800b21e   0x00000002   PAD
    0x0800b220   0x0800b220   0x00000036   Code   RO         1564    .text.vTaskPlaceOnEventList  tasks.o
    0x0800b256   0x0800b256   0x00000002   PAD
    0x0800b258   0x0800b258   0x0000008e   Code   RO         1568    .text.vTaskPlaceOnEventListRestricted  tasks.o
    0x0800b2e6   0x0800b2e6   0x00000002   PAD
    0x0800b2e8   0x0800b2e8   0x000000f0   Code   RO         1546    .text.vTaskStartScheduler  tasks.o
    0x0800b3d8   0x0800b3d8   0x0000013a   Code   RO         1538    .text.vTaskSuspend  tasks.o
    0x0800b512   0x0800b512   0x00000002   PAD
    0x0800b514   0x0800b514   0x00000010   Code   RO         1526    .text.vTaskSuspendAll  tasks.o
    0x0800b524   0x0800b524   0x0000006e   Code   RO         1540    .text.vTaskSwitchContext  tasks.o
    0x0800b592   0x0800b592   0x00000002   PAD
    0x0800b594   0x0800b594   0x00000022   Code   RO         1371    .text.xEventGroupCreate  event_groups.o
    0x0800b5b6   0x0800b5b6   0x00000002   PAD
    0x0800b5b8   0x0800b5b8   0x00000188   Code   RO         1806    .text.xPortStartScheduler  port.o
    0x0800b740   0x0800b740   0x000000d6   Code   RO         1417    .text.xQueueGenericCreateStatic  queue.o
    0x0800b816   0x0800b816   0x00000002   PAD
    0x0800b818   0x0800b818   0x000002c0   Code   RO         1425    .text.xQueueGenericSend  queue.o
    0x0800bad8   0x0800bad8   0x00000148   Code   RO         1429    .text.xQueueGenericSendFromISR  queue.o
    0x0800bc20   0x0800bc20   0x0000023e   Code   RO         1433    .text.xQueueReceive  queue.o
    0x0800be5e   0x0800be5e   0x00000002   PAD
    0x0800be60   0x0800be60   0x0000009a   Code   RO         1578    .text.xTaskCheckForTimeOut  tasks.o
    0x0800befa   0x0800befa   0x00000002   PAD
    0x0800befc   0x0800befc   0x00000060   Code   RO         1520    .text.xTaskCreate   tasks.o
    0x0800bf5c   0x0800bf5c   0x00000076   Code   RO         1514    .text.xTaskCreateStatic  tasks.o
    0x0800bfd2   0x0800bfd2   0x00000002   PAD
    0x0800bfd4   0x0800bfd4   0x0000001e   Code   RO         1584    .text.xTaskGetSchedulerState  tasks.o
    0x0800bff2   0x0800bff2   0x00000002   PAD
    0x0800bff4   0x0800bff4   0x0000000c   Code   RO         1554    .text.xTaskGetTickCount  tasks.o
    0x0800c000   0x0800c000   0x00000106   Code   RO         1552    .text.xTaskIncrementTick  tasks.o
    0x0800c106   0x0800c106   0x00000002   PAD
    0x0800c108   0x0800c108   0x000000ae   Code   RO         1588    .text.xTaskPriorityDisinherit  tasks.o
    0x0800c1b6   0x0800c1b6   0x00000002   PAD
    0x0800c1b8   0x0800c1b8   0x00000074   Code   RO         1570    .text.xTaskRemoveFromEventList  tasks.o
    0x0800c22c   0x0800c22c   0x000000ea   Code   RO         1530    .text.xTaskResumeAll  tasks.o
    0x0800c316   0x0800c316   0x00000002   PAD
    0x0800c318   0x0800c318   0x000000b4   Code   RO         1544    .text.xTaskResumeFromISR  tasks.o
    0x0800c3cc   0x0800c3cc   0x0000003a   Code   RO         1625    .text.xTimerCreate  timers.o
    0x0800c406   0x0800c406   0x00000002   PAD
    0x0800c408   0x0800c408   0x00000052   Code   RO         1629    .text.xTimerCreateStatic  timers.o
    0x0800c45a   0x0800c45a   0x00000002   PAD
    0x0800c45c   0x0800c45c   0x000000b4   Code   RO         1621    .text.xTimerCreateTimerTask  timers.o
    0x0800c510   0x0800c510   0x00000076   Code   RO         1631    .text.xTimerGenericCommand  timers.o
    0x0800c586   0x0800c586   0x00000002   PAD
    0x0800c588   0x0800c588   0x00000144   Code   RO         2144    .text.xbox_to_hmi   usb_cdc.o
    0x0800c6cc   0x0800c6cc   0x00000004   PAD
    0x0800c6d0   0x0800c6d0   0x000000b0   Code   RO         2095    .text.xbox_todata   xbox.o
    0x0800c780   0x0800c780   0x00000020   Code   RO         2699    i.__0printf         mc_w.l(printfa.o)
    0x0800c7a0   0x0800c7a0   0x00000028   Code   RO         2701    i.__0sprintf        mc_w.l(printfa.o)
    0x0800c7c8   0x0800c7c8   0x0000000e   Code   RO         2782    i.__scatterload_copy  mc_w.l(handlers.o)
    0x0800c7d6   0x0800c7d6   0x00000002   Code   RO         2783    i.__scatterload_null  mc_w.l(handlers.o)
    0x0800c7d8   0x0800c7d8   0x0000000e   Code   RO         2784    i.__scatterload_zeroinit  mc_w.l(handlers.o)
    0x0800c7e6   0x0800c7e6   0x00000002   PAD
    0x0800c7e8   0x0800c7e8   0x00000184   Code   RO         2706    i._fp_digits        mc_w.l(printfa.o)
    0x0800c96c   0x0800c96c   0x000006dc   Code   RO         2707    i._printf_core      mc_w.l(printfa.o)
    0x0800d048   0x0800d048   0x00000024   Code   RO         2708    i._printf_post_padding  mc_w.l(printfa.o)
    0x0800d06c   0x0800d06c   0x0000002e   Code   RO         2709    i._printf_pre_padding  mc_w.l(printfa.o)
    0x0800d09a   0x0800d09a   0x0000000a   Code   RO         2711    i._sputc            mc_w.l(printfa.o)
    0x0800d0a4   0x0800d0a4   0x00000024   Code   RO         2452    i.puts              mc_w.l(puts.o)
    0x0800d0c8   0x0800d0c8   0x00000008   Data   RO           59    .rodata..L__const.MX_FREERTOS_Init.os_timer_def_myTimer01  freertos.o
    0x0800d0d0   0x0800d0d0   0x00000010   Data   RO         1358    .rodata.AHBPrescTable  system_stm32f4xx.o
    0x0800d0e0   0x0800d0e0   0x00000008   Data   RO         1359    .rodata.APBPrescTable  system_stm32f4xx.o
    0x0800d0e8   0x0800d0e8   0x00000008   Data   RO          593    .rodata.cst8        stm32f4xx_hal_dma.o
    0x0800d0f0   0x0800d0f0   0x00000032   Data   RO           60    .rodata.str1.1      freertos.o
    0x0800d122   0x0800d122   0x00000005   Data   RO         1653    .rodata.str1.1      timers.o
    0x0800d127   0x0800d127   0x0000000a   Data   RO         2110    .rodata.str1.1      xbox.o
    0x0800d131   0x0800d131   0x00000003   PAD
    0x0800d134   0x0800d134   0x00000020   Data   RO         2781    Region$$Table       anon$$obj.o


    Execution Region RW_IRAM1 (Exec base: 0x20000000, Load base: 0x0800d158, Size: 0x00015720, Max: 0x0001c000, ABSOLUTE, COMPRESSED[0x00001de8])

    Exec Addr    Load Addr    Size         Type   Attr      Idx    E Section Name        Object

    0x20000000   COMPRESSED   0x00000004   Data   RW         2747    .data               mc_w.l(stdout.o)
    0x20000004   COMPRESSED   0x00000008   Data   RW          765    .data..L_MergedGlobals  stm32f4xx_hal.o
    0x2000000c   COMPRESSED   0x0000001c   Data   RW         2202    .data.FS_Desc       usbd_desc.o
    0x20000028   COMPRESSED   0x00000004   Data   RW         1357    .data.SystemCoreClock  system_stm32f4xx.o
    0x2000002c   COMPRESSED   0x00000038   Data   RW         2439    .data.USBD_CDC      usbd_cdc.o
    0x20000064   COMPRESSED   0x00000043   Data   RW         2441    .data.USBD_CDC_CfgDesc  usbd_cdc.o
    0x200000a7   COMPRESSED   0x00000001   PAD
    0x200000a8   COMPRESSED   0x0000000a   Data   RW         2440    .data.USBD_CDC_DeviceQualifierDesc  usbd_cdc.o
    0x200000b2   COMPRESSED   0x00000002   PAD
    0x200000b4   COMPRESSED   0x00000012   Data   RW         2203    .data.USBD_FS_DeviceDesc  usbd_desc.o
    0x200000c6   COMPRESSED   0x00000002   PAD
    0x200000c8   COMPRESSED   0x00000014   Data   RW         2227    .data.USBD_Interface_fops_FS  usbd_cdc_if.o
    0x200000dc   COMPRESSED   0x00000004   Data   RW         2204    .data.USBD_LangIDDesc  usbd_desc.o
    0x200000e0   COMPRESSED   0x0000001a   Data   RW         2205    .data.USBD_StringSerial  usbd_desc.o
    0x200000fa   COMPRESSED   0x0000000b   Data   RW         2109    .data.XBOX_command_  xbox.o
    0x20000105   COMPRESSED   0x0000012c   Data   RW         2111    .data.buttom_str    xbox.o
    0x20000231   COMPRESSED   0x00000050   Data   RW         1848    .data.encoder_str   encoder.o
    0x20000281   COMPRESSED   0x0000001b   Data   RW         1871    .data.hmi_command_  hmi.o
    0x2000029c   COMPRESSED   0x00002000   Data   RW         1916    .data.imu660ra_config_file  imu660ra.o
    0x2000229c   COMPRESSED   0x0000c368   Data   RW         2173    .data.inertial_car  inertial.o
    0x2000e604   COMPRESSED   0x00000078   Data   RW         2112    .data.telecontrol_str  xbox.o
    0x2000e67c   COMPRESSED   0x00000004   Data   RW         1826    .data.uxCriticalNesting  port.o
    0x2000e680        -       0x00000018   Zero   RW           63    .bss..L_MergedGlobals  freertos.o
    0x2000e698        -       0x00000078   Zero   RW         1611    .bss..L_MergedGlobals  tasks.o
    0x2000e710        -       0x0000003c   Zero   RW         1654    .bss..L_MergedGlobals  timers.o
    0x2000e74c        -       0x00000020   Zero   RW         1791    .bss..L_MergedGlobals  heap_4.o
    0x2000e76c        -       0x00000008   Zero   RW         1827    .bss..L_MergedGlobals  port.o
    0x2000e774        -       0x00000058   Zero   RW         1849    .bss..L_MergedGlobals  encoder.o
    0x2000e7cc        -       0x00000058   Zero   RW         2045    .bss..L_MergedGlobals  motor.o
    0x2000e824        -       0x00000058   Zero   RW         2046    .bss..L_MergedGlobals.1  motor.o
    0x2000e87c        -       0x00000028   Zero   RW         1612    .bss..L_MergedGlobals.2  tasks.o
    0x2000e8a4        -       0x00000058   Zero   RW         1850    .bss..L_MergedGlobals.5  encoder.o
    0x2000e8fc        -       0x00000004   Zero   RW           62    .bss.Callback01.times  freertos.o
    0x2000e900        -       0x00000004   Zero   RW           61    .bss.Motor_Entry.times  freertos.o
    0x2000e904        -       0x00000001   Zero   RW         2378    .bss.USBD_SetConfig.cfgidx  usbd_ctlreq.o
    0x2000e905   COMPRESSED   0x00000003   PAD
    0x2000e908        -       0x00000200   Zero   RW         2206    .bss.USBD_StrDesc   usbd_desc.o
    0x2000eb08        -       0x00000220   Zero   RW         2301    .bss.USBD_static_malloc.mem  usbd_conf.o
    0x2000ed28        -       0x00000800   Zero   RW         2228    .bss.UserRxBufferFS  usbd_cdc_if.o
    0x2000f528        -       0x00000800   Zero   RW         2229    .bss.UserTxBufferFS  usbd_cdc_if.o
    0x2000fd28        -       0x0000006c   Zero   RW         2113    .bss.XBOX           xbox.o
    0x2000fd94        -       0x00000001   Zero   RW         1872    .bss.check_obj      hmi.o
    0x2000fd95   COMPRESSED   0x00000003   PAD
    0x2000fd98        -       0x000002dc   Zero   RW         2181    .bss.hUsbDeviceFS   usb_device.o
    0x20010074        -       0x00000060   Zero   RW          130    .bss.hdma_tim2_ch2_ch4  tim.o
    0x200100d4        -       0x0000004c   Zero   RW         1873    .bss.hmi            hmi.o
    0x20010120        -       0x0000050c   Zero   RW         2300    .bss.hpcd_USB_OTG_FS  usbd_conf.o
    0x2001062c        -       0x00000058   Zero   RW           89    .bss.hspi1          spi.o
    0x20010684        -       0x00000058   Zero   RW           90    .bss.hspi2          spi.o
    0x200106dc        -       0x00000048   Zero   RW          123    .bss.htim1          tim.o
    0x20010724        -       0x00000048   Zero   RW          124    .bss.htim2          tim.o
    0x2001076c        -       0x00000048   Zero   RW          125    .bss.htim3          tim.o
    0x200107b4        -       0x00000048   Zero   RW          126    .bss.htim4          tim.o
    0x200107fc        -       0x00000048   Zero   RW          127    .bss.htim5          tim.o
    0x20010844        -       0x00000048   Zero   RW          214    .bss.htim7          stm32f4xx_hal_timebase_tim.o
    0x2001088c        -       0x00000048   Zero   RW          128    .bss.htim8          tim.o
    0x200108d4        -       0x00000048   Zero   RW          129    .bss.htim9          tim.o
    0x2001091c        -       0x00000044   Zero   RW          155    .bss.huart1         usart.o
    0x20010960        -       0x00000044   Zero   RW          156    .bss.huart2         usart.o
    0x200109a4        -       0x00000044   Zero   RW          157    .bss.huart3         usart.o
    0x200109e8        -       0x00000044   Zero   RW          153    .bss.huart4         usart.o
    0x20010a2c        -       0x00000044   Zero   RW          154    .bss.huart5         usart.o
    0x20010a70        -       0x00000100   Zero   RW         1917    .bss.imu660ra       imu660ra.o
    0x20010b70        -       0x00000018   Zero   RW         2022    .bss.led_g          led.o
    0x20010b88        -       0x00000310   Zero   RW         2065    .bss.pid_all        motor_pid.o
    0x20010e98        -       0x00000078   Zero   RW         1652    .bss.prvCheckForValidListAndQueue.ucStaticTimerQueueStorage  timers.o
    0x20010f10        -       0x00000048   Zero   RW         1651    .bss.prvCheckForValidListAndQueue.xStaticTimerQueue  timers.o
    0x20010f58        -       0x0000008c   Zero   RW         1610    .bss.pxReadyTasksLists  tasks.o
    0x20010fe4        -       0x00003c00   Zero   RW         1790    .bss.ucHeap         heap_4.o
    0x20014be4        -       0x00000048   Zero   RW         2154    .bss.usb            usb_cdc.o
    0x20014c2c        -       0x00000004   Zero   RW         2155    .bss.usb_xbox_todata.temp_imu_L  usb_cdc.o
    0x20014c30        -       0x00000004   Zero   RW          764    .bss.uwTick         stm32f4xx_hal.o
    0x20014c34        -       0x00000200   Zero   RW           56    .bss.xIdleStack     freertos.o
    0x20014e34        -       0x00000054   Zero   RW           55    .bss.xIdleTaskTCBBuffer  freertos.o
    0x20014e88        -       0x00000040   Zero   RW         1463    .bss.xQueueRegistry  queue.o
    0x20014ec8        -       0x00000400   Zero   RW           58    .bss.xTimerStack    freertos.o
    0x200152c8        -       0x00000054   Zero   RW           57    .bss.xTimerTaskTCBBuffer  freertos.o
    0x2001531c   COMPRESSED   0x00000004   PAD
    0x20015320        -       0x00000400   Zero   RW            1    STACK               startup_stm32f407xx.o


    Execution Region RW_IRAM2 (Exec base: 0x2001c000, Load base: 0x0800ef40, Size: 0x00000000, Max: 0x00004000, ABSOLUTE)

    **** No section assigned to this execution region ****


==============================================================================

Image component sizes


      Code (inc. data)   RO Data    RW Data    ZI Data      Debug   Object Name

       318          0          0          0          0      25629   cmsis_os.o
        56          0          0          0          0       3472   dma.o
       484         88          0         80        176       6334   encoder.o
        34          0          0          0          0      10121   event_groups.o
        22          0          0          0          0        517   filter.o
      2970        230         58          0       1736       8913   freertos.o
       304          0          0          0          0       2292   gpio.o
       708          0          0          0      15392       5762   heap_4.o
      1508         20          0         27         77       8346   hmi.o
      1862        156          0       8192        256      11644   imu660ra.o
         0          0          0      50024          0        701   inertial.o
       434          0          0          0          0       2586   kalman_filter.o
        92          0          0          0         24       2316   led.o
       186          0          0          0          0       2318   list.o
       392          4          0          0          0       7647   main.o
       634          0          0          0        176       6935   motor.o
       648          4          0          0        784       3542   motor_pid.o
       994         16          0          4          8       4350   port.o
      2106          0          0          0         64      25214   queue.o
       384          0          0          0        176       5612   spi.o
        36          8        392          0       1024        820   startup_stm32f407xx.o
       132          0          0          8          4       7306   stm32f4xx_hal.o
       152          0          0          0          0      10434   stm32f4xx_hal_cortex.o
       984          6          8          0          0      10536   stm32f4xx_hal_dma.o
       440          0          0          0          0       5354   stm32f4xx_hal_gpio.o
        66          0          0          0          0       3539   stm32f4xx_hal_msp.o
      3354          0          0          0          0      16793   stm32f4xx_hal_pcd.o
       216          0          0          0          0       4685   stm32f4xx_hal_pcd_ex.o
      1554          0          0          0          0       7451   stm32f4xx_hal_rcc.o
      1786          0          0          0          0      27448   stm32f4xx_hal_spi.o
      2632          6          0          0          0      57223   stm32f4xx_hal_tim.o
       266          0          0          0          0      21492   stm32f4xx_hal_tim_ex.o
       178          0          0          0         72       7255   stm32f4xx_hal_timebase_tim.o
      2718          0          0          0          0      32076   stm32f4xx_hal_uart.o
        96          0          0          0          0       7895   stm32f4xx_it.o
      4270          0          0          0          0      36438   stm32f4xx_ll_usb.o
        18          0         24          4          0       2651   system_stm32f4xx.o
      3198          8          0          0        300      29048   tasks.o
      2060          0          0          0        600      11628   tim.o
      1486         18          5          0        252      14796   timers.o
       964          0          0          0        340       8202   usart.o
       802        100          0          0         76       5055   usb_cdc.o
       114          0          0          0        732       3195   usb_device.o
      1156         12          0        133          0      11434   usbd_cdc.o
       224          0          0         20       4096       5242   usbd_cdc_if.o
       788          0          0          0       1836      18298   usbd_conf.o
       978          0          0          0          0      11080   usbd_core.o
      1640         34          0          0          1      10870   usbd_ctlreq.o
       564         72          0         76        512       4121   usbd_desc.o
       128          0          0          0          0       4720   usbd_ioreq.o
      1414         44         10        431        108       8552   xbox.o

    ----------------------------------------------------------------------
     48928        830        532      59004      28832     549888   Object Totals
         0          0         32          0          0          0   (incl. Generated)
       378          4          3          5         10          0   (incl. Padding)

    ----------------------------------------------------------------------

      Code (inc. data)   RO Data    RW Data    ZI Data      Debug   Library Member Name

        86          0          0          0          0          0   __dczerorl2.o
         0          0          0          0          0          0   entry.o
         0          0          0          0          0          0   entry10a.o
         0          0          0          0          0          0   entry11a.o
         8          4          0          0          0          0   entry2.o
         4          0          0          0          0          0   entry5.o
         0          0          0          0          0          0   entry7b.o
         0          0          0          0          0          0   entry8b.o
         8          4          0          0          0          0   entry9a.o
        30          0          0          0          0          0   handlers.o
        48         10          0          0          0         68   init.o
         0          0          0          0          0          0   iusefp.o
        30          0          0          0          0         68   llshl.o
        36          0          0          0          0         68   llsshr.o
        32          0          0          0          0         68   llushr.o
        36          0          0          0          0         68   memcpya.o
        36          0          0          0          0        108   memseta.o
      2308         96          0          0          0        604   printfa.o
        36          6          0          0          0         80   puts.o
         0          0          0          4          0          0   stdout.o
        14          0          0          0          0         68   strlen.o
        44          0          0          0          0         80   uidiv.o
        98          0          0          0          0         92   uldiv.o
        48          0          0          0          0         68   cdrcmple.o
        56          0          0          0          0         88   d2f.o
       334          0          0          0          0        148   dadd.o
       222          0          0          0          0        100   ddiv.o
       186          0          0          0          0        176   depilogue.o
        48          0          0          0          0         68   dfixul.o
       228          0          0          0          0         96   dmul.o
        38          0          0          0          0         68   f2d.o
       110          0          0          0          0        168   fepilogue.o

    ----------------------------------------------------------------------
      4128        120          0          4          0       2352   Library Totals
         4          0          0          0          0          0   (incl. Padding)

    ----------------------------------------------------------------------

      Code (inc. data)   RO Data    RW Data    ZI Data      Debug   Library Name

      2854        120          0          4          0       1372   mc_w.l
      1270          0          0          0          0        980   mf_w.l

    ----------------------------------------------------------------------
      4128        120          0          4          0       2352   Library Totals

    ----------------------------------------------------------------------

==============================================================================


      Code (inc. data)   RO Data    RW Data    ZI Data      Debug   

     53056        950        532      59008      28832     550368   Grand Totals
     53056        950        532       7656      28832     550368   ELF Image Totals (compressed)
     53056        950        532       7656          0          0   ROM Totals

==============================================================================

    Total RO  Size (Code + RO Data)                53588 (  52.33kB)
    Total RW  Size (RW Data + ZI Data)             87840 (  85.78kB)
    Total ROM Size (Code + RO Data + RW Data)      61244 (  59.81kB)

==============================================================================

